 ServerDemo

 Timestamp is 4b705db9 (Mon Feb 08 13:53:45 2010)

 Preferred load address is 00400000

 Start         Length     Name                   Class
 0001:00000000 00026038H .text                   CODE
 0002:00000000 00000234H .idata$5                DATA
 0002:00000240 00004564H .rdata                  DATA
 0002:000047a4 00000077H .rdata$debug            DATA
 0002:0000481c 00000004H .rtc$IAA                DATA
 0002:00004820 00000078H .rtc$IMZ                DATA
 0002:00004898 00000004H .rtc$IZZ                DATA
 0002:0000489c 00000004H .rtc$TAA                DATA
 0002:000048a0 00000078H .rtc$TMZ                DATA
 0002:00004918 00000004H .rtc$TZZ                DATA
 0002:0000491c 00000028H .idata$2                DATA
 0002:00004944 00000014H .idata$3                DATA
 0002:00004958 00000234H .idata$4                DATA
 0002:00004b8c 000007c8H .idata$6                DATA
 0002:00005354 00000000H .edata                  DATA
 0003:00000000 00000004H .CRT$XCA                DATA
 0003:00000004 00000004H .CRT$XCAA               DATA
 0003:00000008 00000004H .CRT$XCZ                DATA
 0003:0000000c 00000004H .CRT$XIA                DATA
 0003:00000010 0000000cH .CRT$XIC                DATA
 0003:0000001c 00000004H .CRT$XIZ                DATA
 0003:00000020 00000004H .CRT$XPA                DATA
 0003:00000024 00000008H .CRT$XPX                DATA
 0003:0000002c 00000004H .CRT$XPZ                DATA
 0003:00000030 00000004H .CRT$XTA                DATA
 0003:00000034 00000004H .CRT$XTZ                DATA
 0003:00000040 00000ea0H .data                   DATA
 0003:00000ee0 00002facH .bss                    DATA

  Address         Publics by Value              Rva+Base     Lib:Object

 0000:00000000       ___safe_se_handler_table   00000000     <absolute>
 0000:00000000       ___safe_se_handler_count   00000000     <absolute>
 0000:00000000       __except_list              00000000     <absolute>
 0001:00000000       _main                      00401000 f   serverdemo.obj
 0001:00000110       _rtp_not_yet_implemented   00401110 f   rtp.obj
 0001:00000140       _rtp_isalnum               00401140 f   rtpchar.obj
 0001:000001b0       _rtp_iscntrl               004011b0 f   rtpchar.obj
 0001:00000210       _rtp_isdigit               00401210 f   rtpchar.obj
 0001:00000270       _rtp_isprint               00401270 f   rtpchar.obj
 0001:000002d0       _rtp_isspace               004012d0 f   rtpchar.obj
 0001:00000330       _rtp_isupper               00401330 f   rtpchar.obj
 0001:00000370       _rtp_isxdigit              00401370 f   rtpchar.obj
 0001:000003e0       _rtp_tolower               004013e0 f   rtpchar.obj
 0001:00000430       _rtp_toupper               00401430 f   rtpchar.obj
 0001:00000480       _rtp_set_date              00401480 f   rtpdate.obj
 0001:000004b0       _rtp_get_date              004014b0 f   rtpdate.obj
 0001:000005b0       __rtp_debug_output_str     004015b0 f   rtpdebug.obj
 0001:00000670       __rtp_debug_output_int     00401670 f   rtpdebug.obj
 0001:00000710       _rtp_file_gfirst           00401710 f   rtpdobj.obj
 0001:000007a0       _rtp_file_gnext            004017a0 f   rtpdobj.obj
 0001:00000800       _rtp_file_gdone            00401800 f   rtpdobj.obj
 0001:00000850       _rtp_file_get_size         00401850 f   rtpdobj.obj
 0001:000008a0       _rtp_file_get_attrib       004018a0 f   rtpdobj.obj
 0001:00000970       _rtp_file_get_name         00401970 f   rtpdobj.obj
 0001:00000a00       _rtp_file_get_time         00401a00 f   rtpdobj.obj
 0001:00000b80       _rtp_get_utc_date          00401b80 f   rtpdutil.obj
 0001:00000c10       _rtp_date_utc_to_gmt       00401c10 f   rtpdutil.obj
 0001:00000cb0       _rtp_date_to_timestamp     00401cb0 f   rtpdutil.obj
 0001:00000d40       _rtp_timestamp_to_date     00401d40 f   rtpdutil.obj
 0001:00000e70       _rtp_date_get_timestamp    00401e70 f   rtpdutil.obj
 0001:00000f00       _rtp_date_print_time       00401f00 f   rtpdutil.obj
 0001:00001480       _rtp_date_parse_time       00402480 f   rtpdutil.obj
 0001:00001cc0       _rtp_date_parse_time_uc    00402cc0 f   rtpdutil.obj
 0001:00001da0       _rtp_date_compare_time     00402da0 f   rtpdutil.obj
 0001:00001e20       _rtp_date_set_time_forever 00402e20 f   rtpdutil.obj
 0001:00001e60       _rtp_date_add_seconds      00402e60 f   rtpdutil.obj
 0001:00001f50       _rtp_date_get_seconds_in_year 00402f50 f   rtpdutil.obj
 0001:00001fa0       _rtp_date_time_difference  00402fa0 f   rtpdutil.obj
 0001:00002080       _rtp_date_get_dayofweek    00403080 f   rtpdutil.obj
 0001:00002120       _rtp_date_get_seconds_by_date 00403120 f   rtpdutil.obj
 0001:00002450       _rtp_file_open             00403450 f   rtpfile.obj
 0001:000025b0       _rtp_file_close            004035b0 f   rtpfile.obj
 0001:00002600       _rtp_file_read             00403600 f   rtpfile.obj
 0001:00002660       _rtp_file_write            00403660 f   rtpfile.obj
 0001:000026c0       _rtp_file_lseek            004036c0 f   rtpfile.obj
 0001:00002760       _rtp_file_truncate         00403760 f   rtpfile.obj
 0001:000027b0       _rtp_file_flush            004037b0 f   rtpfile.obj
 0001:00002810       _rtp_file_rename           00403810 f   rtpfile.obj
 0001:00002860       _rtp_file_delete           00403860 f   rtpfile.obj
 0001:000028b0       _rtp_file_mkdir            004038b0 f   rtpfile.obj
 0001:00002900       _rtp_file_rmdir            00403900 f   rtpfile.obj
 0001:00002950       _rtp_file_setcwd           00403950 f   rtpfile.obj
 0001:000029a0       _rtp_file_pwd              004039a0 f   rtpfile.obj
 0001:000029f0       _rtp_file_chmode           004039f0 f   rtpfile.obj
 0001:00002ab0       _rtp_file_get_free         00403ab0 f   rtpfile.obj
 0001:00002b90       _rtp_file_set_time         00403b90 f   rtpfile.obj
 0001:00002c40       _rtp_file_get_path_seperator 00403c40 f   rtpfile.obj
 0001:00002f60       _rtp_gui_list_init         00403f60 f   rtpgui.obj
 0001:00002ff0       _rtp_gui_list_destroy      00403ff0 f   rtpgui.obj
 0001:00003080       _rtp_gui_list_add_item     00404080 f   rtpgui.obj
 0001:00003180       _rtp_gui_list_add_int_item 00404180 f   rtpgui.obj
 0001:000031e0       _rtp_gui_list_size         004041e0 f   rtpgui.obj
 0001:00003220       _rtp_gui_list_item_value   00404220 f   rtpgui.obj
 0001:000032f0       _rtp_gui_list_check_duplicate_item 004042f0 f   rtpgui.obj
 0001:00003370       _rtp_gui_list_execute_item 00404370 f   rtpgui.obj
 0001:00003710       _rtp_gui_list_execute_void 00404710 f   rtpgui.obj
 0001:00003770       _rtp_gui_list_execute_int  00404770 f   rtpgui.obj
 0001:00003860       _rtp_gui_conout            00404860 f   rtpgui.obj
 0001:000038b0       _rtp_gui_conout_two        004048b0 f   rtpgui.obj
 0001:00003900       _rtp_gui_prompt_text       00404900 f   rtpgui.obj
 0001:00003960       _rtp_helper_thread_ctx_init 00404960 f   rtphelper.obj
 0001:000039e0       _rtp_helper_thread_ctx_destroy 004049e0 f   rtphelper.obj
 0001:00003a40       _rtp_helper_thread_start   00404a40 f   rtphelper.obj
 0001:00003b00       _rtp_helper_thread_start_cond 00404b00 f   rtphelper.obj
 0001:00003be0       _rtp_helper_thread_queue_job 00404be0 f   rtphelper.obj
 0001:00003c70       _rtp_helper_thread_stop_all 00404c70 f   rtphelper.obj
 0001:00003eb0       _rtp_log_open              00404eb0 f   rtplog.obj
 0001:00003f50       _rtp_log_close             00404f50 f   rtplog.obj
 0001:00003fa0       _rtp_log_write             00404fa0 f   rtplog.obj
 0001:000040d0       __rtp_malloc               004050d0 f   rtpmem.obj
 0001:00004120       __rtp_calloc               00405120 f   rtpmem.obj
 0001:00004170       __rtp_realloc              00405170 f   rtpmem.obj
 0001:000041c0       __rtp_free                 004051c0 f   rtpmem.obj
 0001:00004200       _rtp_net_init              00405200 f   rtpnet.obj
 0001:000042f0       _rtp_net_exit              004052f0 f   rtpnet.obj
 0001:00004350       _rtp_net_socket_stream     00405350 f   rtpnet.obj
 0001:000043f0       _rtp_net_socket_stream_dual 004053f0 f   rtpnet.obj
 0001:000044c0       _rtp_net_socket_datagram   004054c0 f   rtpnet.obj
 0001:00004560       _rtp_net_socket_datagram_dual 00405560 f   rtpnet.obj
 0001:00004630       _rtp_net_bind              00405630 f   rtpnet.obj
 0001:00004780       _rtp_net_bind_dual         00405780 f   rtpnet.obj
 0001:00004940       _rtp_net_listen            00405940 f   rtpnet.obj
 0001:000049c0       _rtp_net_getpeername       004059c0 f   rtpnet.obj
 0001:00004b10       _rtp_net_getsockname       00405b10 f   rtpnet.obj
 0001:00004ca0       _rtp_net_gethostbyname     00405ca0 f   rtpnet.obj
 0001:00004de0       _rtp_net_accept            00405de0 f   rtpnet.obj
 0001:00004fa0       _rtp_net_connect           00405fa0 f   rtpnet.obj
 0001:00005110       _rtp_net_connect_dual      00406110 f   rtpnet.obj
 0001:000052c0       _rtp_net_is_connected      004062c0 f   rtpnet.obj
 0001:00005520       _rtp_net_write_select      00406520 f   rtpnet.obj
 0001:000056d0       _rtp_net_read_select       004066d0 f   rtpnet.obj
 0001:00005880       _rtp_net_send              00406880 f   rtpnet.obj
 0001:00005920       _rtp_net_recv              00406920 f   rtpnet.obj
 0001:000059c0       _rtp_net_sendto            004069c0 f   rtpnet.obj
 0001:00005bb0       _rtp_net_recvfrom          00406bb0 f   rtpnet.obj
 0001:00005d60       _rtp_net_closesocket       00406d60 f   rtpnet.obj
 0001:00005df0       _rtp_net_shutdown          00406df0 f   rtpnet.obj
 0001:00005ea0       _rtp_net_getntoread        00406ea0 f   rtpnet.obj
 0001:00005f50       _rtp_net_setblocking       00406f50 f   rtpnet.obj
 0001:00006010       _rtp_net_setnagle          00407010 f   rtpnet.obj
 0001:000060d0       _rtp_net_setlinger         004070d0 f   rtpnet.obj
 0001:000061b0       _rtp_net_setreusesock      004071b0 f   rtpnet.obj
 0001:000061e0       _rtp_net_setreuseaddr      004071e0 f   rtpnet.obj
 0001:00006270       _rtp_net_settcpnocopy      00407270 f   rtpnet.obj
 0001:000062a0       _rtp_net_setkeepalive      004072a0 f   rtpnet.obj
 0001:00006330       _rtp_net_setmembership     00407330 f   rtpnet.obj
 0001:00006570       _rtp_net_setmcastttl       00407570 f   rtpnet.obj
 0001:000066f0       _rtp_net_setbroadcast      004076f0 f   rtpnet.obj
 0001:00006780       _rtp_net_htons             00407780 f   rtpnet.obj
 0001:000067d0       _rtp_net_ntohs             004077d0 f   rtpnet.obj
 0001:00006820       _rtp_net_htonl             00407820 f   rtpnet.obj
 0001:00006870       _rtp_net_ntohl             00407870 f   rtpnet.obj
 0001:000068c0       _rtp_net_ip_to_str         004078c0 f   rtpnet.obj
 0001:00006980       _WspiapiGetAddrInfo@16     00407980 f i rtpnet.obj
 0001:000069f0       _WspiapiLoad@4             004079f0 f i rtpnet.obj
 0001:00006cd0       _WspiapiLegacyFreeAddrInfo@4 00407cd0 f i rtpnet.obj
 0001:00006d60       _WspiapiLegacyGetAddrInfo@16 00407d60 f i rtpnet.obj
 0001:00007190       _WspiapiStrdup@4           00408190 f i rtpnet.obj
 0001:00007210       _WspiapiParseV4Address@8   00408210 f i rtpnet.obj
 0001:000072d0       _WspiapiNewAddrInfo@16     004082d0 f i rtpnet.obj
 0001:00007390       _WspiapiLookupNode@24      00408390 f i rtpnet.obj
 0001:00007570       _WspiapiQueryDNS@24        00408570 f i rtpnet.obj
 0001:000076f0       _WspiapiClone@8            004086f0 f i rtpnet.obj
 0001:000077a0       _WspiapiLegacyGetNameInfo@28 004087a0 f i rtpnet.obj
 0001:00007ae0       _rtp_net_str_to_ip         00408ae0 f   rtpnet.obj
 0001:00007c50       _WspiapiGetNameInfo@28     00408c50 f i rtpnet.obj
 0001:00007cd0       _WspiapiFreeAddrInfo@4     00408cd0 f i rtpnet.obj
 0001:00007d30       _rtp_fd_zero               00408d30 f   rtpnet.obj
 0001:00007d60       _rtp_fd_set                00408d60 f   rtpnet.obj
 0001:00007de0       _rtp_fd_clr                00408de0 f   rtpnet.obj
 0001:00007e90       _rtp_fd_isset              00408e90 f   rtpnet.obj
 0001:00007f10       _rtp_net_select            00408f10 f   rtpnet.obj
 0001:00008130       __fd_set_to_rtp            00409130 f   rtpnet.obj
 0001:000081b0       __rtp_to_fd_set            004091b0 f   rtpnet.obj
 0001:00008230       _rtp_net_getifaceaddr      00409230 f   rtpnet.obj
 0001:00008330       _rtp_net_sm_init           00409330 f   rtpnetsm.obj
 0001:00008380       _rtp_net_aggregate_sm_init 00409380 f   rtpnetsm.obj
 0001:000083e0       _rtp_net_aggregate_sm_callback 004093e0 f   rtpnetsm.obj
 0001:000085a0       _rtp_net_aggregate_sm_add  004095a0 f   rtpnetsm.obj
 0001:000085f0       __rtp_net_sm_add_to_select_list 004095f0 f   rtpnetsm.obj
 0001:000086a0       __rtp_net_sm_process_state 004096a0 f   rtpnetsm.obj
 0001:00008750       __rtp_net_sm_delete        00409750 f   rtpnetsm.obj
 0001:00008810       _rtp_rand                  00409810 f   rtprand.obj
 0001:00008860       _rtp_srand                 00409860 f   rtprand.obj
 0001:00008890       __rtp_sig_semaphore_alloc  00409890 f   rtpsignl.obj
 0001:00008900       __rtp_sig_semaphore_free   00409900 f   rtpsignl.obj
 0001:00008950       __rtp_sig_semaphore_wait_timed 00409950 f   rtpsignl.obj
 0001:000089f0       __rtp_sig_semaphore_clear  004099f0 f   rtpsignl.obj
 0001:00008a50       __rtp_sig_semaphore_wait   00409a50 f   rtpsignl.obj
 0001:00008ab0       __rtp_sig_semaphore_signal 00409ab0 f   rtpsignl.obj
 0001:00008b00       __rtp_sig_semaphore_signal_isr 00409b00 f   rtpsignl.obj
 0001:00008b50       __rtp_sig_mutex_alloc      00409b50 f   rtpsignl.obj
 0001:00008bb0       __rtp_sig_mutex_free       00409bb0 f   rtpsignl.obj
 0001:00008c00       __rtp_sig_mutex_claim_timed 00409c00 f   rtpsignl.obj
 0001:00008c90       __rtp_sig_mutex_claim      00409c90 f   rtpsignl.obj
 0001:00008cf0       __rtp_sig_mutex_release    00409cf0 f   rtpsignl.obj
 0001:00008d40       __rtp_strdup               00409d40 f   rtpstdup.obj
 0001:00008db0       __rtp_wcsdup               00409db0 f   rtpstdup.obj
 0001:00008de0       _rtp_stristr               00409de0 f   rtpstr.obj
 0001:00008e60       _rtp_memcat                00409e60 f   rtpstr.obj
 0001:00008ec0       _rtp_term_kbhit            00409ec0 f   rtpterm.obj
 0001:00008f00       _rtp_term_getch            00409f00 f   rtpterm.obj
 0001:00008f50       _rtp_term_putc             00409f50 f   rtpterm.obj
 0001:00008fb0       _rtp_term_puts             00409fb0 f   rtpterm.obj
 0001:00009000       _rtp_term_cputs            0040a000 f   rtpterm.obj
 0001:00009070       _rtp_term_gets             0040a070 f   rtpterm.obj
 0001:000090c0       _rtp_term_promptstring     0040a0c0 f   rtpterm.obj
 0001:000092d0       _rtp_term_up_arrow         0040a2d0 f   rtpterm.obj
 0001:00009300       _rtp_term_down_arrow       0040a300 f   rtpterm.obj
 0001:00009330       _rtp_term_left_arrow       0040a330 f   rtpterm.obj
 0001:00009360       _rtp_term_right_arrow      0040a360 f   rtpterm.obj
 0001:00009390       _rtp_term_escape_key       0040a390 f   rtpterm.obj
 0001:000093c0       _rtp_threads_init          0040a3c0 f   rtpthrd.obj
 0001:00009420       _rtp_threads_shutdown      0040a420 f   rtpthrd.obj
 0001:00009480       _rtp_thread_spawn          0040a480 f   rtpthrd.obj
 0001:00009600       _rtp_thread_handle         0040a600 f   rtpthrd.obj
 0001:00009660       _rtp_thread_user_data      0040a660 f   rtpthrd.obj
 0001:000096f0       _rtp_thread_user_data_by_handle 0040a6f0 f   rtpthrd.obj
 0001:00009730       _rtp_thread_name           0040a730 f   rtpthrd.obj
 0001:000097c0       _rtp_thread_name_by_handle 0040a7c0 f   rtpthrd.obj
 0001:00009800       _rtp_thread_sleep          0040a800 f   rtpthrd.obj
 0001:00009860       _rtp_thread_yield          0040a860 f   rtpthrd.obj
 0001:000098b0       __rtp_threadFunction@4     0040a8b0 f   rtpthrd.obj
 0001:00009950       __rtp_allocThreadContext   0040a950 f   rtpthrd.obj
 0001:00009990       __rtp_freeThreadContext    0040a990 f   rtpthrd.obj
 0001:000099d0       _rtp_get_system_msec       0040a9d0 f   rtptime.obj
 0001:00009a20       _rtp_get_system_sec        0040aa20 f   rtptime.obj
 0001:00009a70       _GetFileTypeByExtension    0040aa70 f   fileext.obj
 0001:00009c20       _StrToFileContentType      0040ac20 f   filetype.obj
 0001:00009cc0       _FileContentTypeToStr      0040acc0 f   filetype.obj
 0001:00009d00       _HTTP_InitSession          0040ad00 f   httpp.obj
 0001:00009da0       _HTTP_ResetSession         0040ada0 f   httpp.obj
 0001:00009e50       _HTTP_SessionSetState      0040ae50 f   httpp.obj
 0001:00009e80       _HTTP_FreeSession          0040ae80 f   httpp.obj
 0001:00009f00       _HTTP_Read                 0040af00 f   httpp.obj
 0001:0000a1d0       _HTTP_Write                0040b1d0 f   httpp.obj
 0001:0000a220       _HTTP_SetWriteBufferSize   0040b220 f   httpp.obj
 0001:0000a2d0       _HTTP_WriteFlush           0040b2d0 f   httpp.obj
 0001:0000a370       _HTTP_WriteChunkStart      0040b370 f   httpp.obj
 0001:0000a4a0       _HTTP_WriteChunkEnd        0040b4a0 f   httpp.obj
 0001:0000a530       _HTTP_ReadHeaders          0040b530 f   httpp.obj
 0001:0000a820       _HTTP_InitRequest          0040b820 f   httpp.obj
 0001:0000a960       _HTTP_SetRequestHeader     0040b960 f   httpp.obj
 0001:0000a9b0       _HTTP_SetRequestHeaderStr  0040b9b0 f   httpp.obj
 0001:0000aa40       _HTTP_SetRequestHeaderStrLen 0040ba40 f   httpp.obj
 0001:0000aad0       _HTTP_SetRequestHeaderInt  0040bad0 f   httpp.obj
 0001:0000ab50       _HTTP_SetRequestHeaderTime 0040bb50 f   httpp.obj
 0001:0000abe0       _HTTP_SetRequestHeaderFn   0040bbe0 f   httpp.obj
 0001:0000ac70       _HTTP_WriteRequest         0040bc70 f   httpp.obj
 0001:0000ace0       _HTTP_FreeRequest          0040bce0 f   httpp.obj
 0001:0000ad10       _HTTP_ReadRequest          0040bd10 f   httpp.obj
 0001:0000b010       _HTTP_InitResponse         0040c010 f   httpp.obj
 0001:0000b130       _HTTP_SetResponseHeader    0040c130 f   httpp.obj
 0001:0000b180       _HTTP_SetResponseHeaderStr 0040c180 f   httpp.obj
 0001:0000b210       _HTTP_SetResponseHeaderStrLen 0040c210 f   httpp.obj
 0001:0000b2a0       _HTTP_SetResponseHeaderInt 0040c2a0 f   httpp.obj
 0001:0000b320       _HTTP_SetResponseHeaderTime 0040c320 f   httpp.obj
 0001:0000b3b0       _HTTP_SetResponseHeaderFn  0040c3b0 f   httpp.obj
 0001:0000b440       _HTTP_WriteResponse        0040c440 f   httpp.obj
 0001:0000b4b0       _HTTP_FreeResponse         0040c4b0 f   httpp.obj
 0001:0000b4e0       _HTTP_ReadResponse         0040c4e0 f   httpp.obj
 0001:0000c2d0       _HTTP_ParseNameValuePair   0040d2d0 f   httpp.obj
 0001:0000c4d0       _HTTP_MethodTypeToString   0040d4d0 f   httpp.obj
 0001:0000c520       _HTTP_HeaderTypeToString   0040d520 f   httpp.obj
 0001:0000c6b0       _HTTP_SessionRequireSizeKnown 0040d6b0 f   httpp.obj
 0001:0000c700       _HTTP_ServerInit           0040d700 f   httpsrv.obj
 0001:0000cb60       _HTTP_ServerDestroy        0040db60 f   httpsrv.obj
 0001:0000cc70       _HTTP_ServerAddAuthRealm   0040dc70 f   httpsrv.obj
 0001:0000cda0       _HTTP_ServerRemoveAuthRealm 0040dda0 f   httpsrv.obj
 0001:0000ce40       _HTTP_ServerSetAllowedClients 0040de40 f   httpsrv.obj
 0001:0000ce90       _HTTP_ServerSetBlockedClients 0040de90 f   httpsrv.obj
 0001:0000cee0       _HTTP_ServerAddPath        0040dee0 f   httpsrv.obj
 0001:0000cf40       __HTTP_ServerAddPath       0040df40 f   httpsrv.obj
 0001:0000d040       _HTTP_ServerRemovePath     0040e040 f   httpsrv.obj
 0001:0000d090       __HTTP_ServerRemovePath    0040e090 f   httpsrv.obj
 0001:0000d150       _HTTP_ServerAddVirtualFile 0040e150 f   httpsrv.obj
 0001:0000d200       _HTTP_ServerAddPostHandler 0040e200 f   httpsrv.obj
 0001:0000d260       _HTTP_ServerProcessOneRequest 0040e260 f   httpsrv.obj
 0001:0000d400       _HTTP_ServerStopHelperThreads 0040e400 f   httpsrv.obj
 0001:0000d450       _HTTP_ServerInitResponse   0040e450 f   httpsrv.obj
 0001:0000d4a0       __HTTP_ServerInitResponse  0040e4a0 f   httpsrv.obj
 0001:0000d510       _HTTP_ServerSetDefaultHeaders 0040e510 f   httpsrv.obj
 0001:0000d560       __HTTP_ServerSetDefaultHeaders 0040e560 f   httpsrv.obj
 0001:0000d640       _HTTP_ServerProcessOneConnection 0040e640 f   httpsrv.obj
 0001:0000d920       __HTTP_VirtualFileRequestHandler 0040e920 f   httpsrv.obj
 0001:0000dad0       __HTTP_VirtualFileProcessHeader 0040ead0 f   httpsrv.obj
 0001:0000db00       _RtpNetSockReadFn          0040eb00 f   httpsrv.obj
 0001:0000db70       _RtpNetSockWriteFn         0040eb70 f   httpsrv.obj
 0001:0000dbe0       __HTTP_ServerValidateClient 0040ebe0 f   httpsrv.obj
 0001:0000ddd0       _HTTP_ServerSendError      0040edd0 f   httpsrv.obj
 0001:0000de20       __HTTP_ServerSendError     0040ee20 f   httpsrv.obj
 0001:0000df20       __HTTP_ServerHandleRequest 0040ef20 f   httpsrv.obj
 0001:0000e450       __HTTP_ServerFindMatchingPath 0040f450 f   httpsrv.obj
 0001:0000e4d0       __HTTP_ServerMatchPath     0040f4d0 f   httpsrv.obj
 0001:0000e5f0       _HTTP_ServerReadHeaders    0040f5f0 f   httpsrv.obj
 0001:0000e650       __HTTP_ServerReadHeaders   0040f650 f   httpsrv.obj
 0001:0000e6c0       __HTTP_ServerHeaderCallback 0040f6c0 f   httpsrv.obj
 0001:0000e7b0       __HTTP_ConstructLocalPath  0040f7b0 f   httpsrv.obj
 0001:0000ebe0       __HTTP_ServerInitRequestContext 0040fbe0 f   httpsrv.obj
 0001:0000ec30       __HTTP_ServerExecuteJob    0040fc30 f   httpsrv.obj
 0001:0000ecd0       _HTTP_ServerConnectSetKeepAlive 0040fcd0 f   httpsrv.obj
 0001:0000ed10       _HTTP_ServerConnectionClose 0040fd10 f   httpsrv.obj
 0001:0000ed70       _HTTP_ServerProcessHeaderStub 0040fd70 f   httpsrv.obj
 0001:0000eda0       _HTTP_ServerRequestGetLocalAddr 0040fda0 f   httpsrv.obj
 0001:0000ee00       _HTTP_ServerGetPort        0040fe00 f   httpsrv.obj
 0001:0000ee90       _http_client_demo          0040fe90 f   example_client.obj
 0001:0000fa70       _http_server_demo          00410a70 f   example_server.obj
 0001:0000fe00       __Demo_UrlRequestDestructor 00410e00 f   example_server.obj
 0001:0000fe30       __Demo_UrlRequestHandler   00410e30 f   example_server.obj
 0001:00010220       _http_demo_alloc_string    00411220 f   example_server.obj
 0001:00010290       _http_demo_init_vcontent   00411290 f   example_server_advanced.obj
 0001:00010ac0       _http_demo_retrieve_vcontent 00411ac0 f   example_server_advanced.obj
 0001:00010dc0       _HTTP_ClientInit           00411dc0 f   httpcli.obj
 0001:00010e00       _HTTP_ClientDestroy        00411e00 f   httpcli.obj
 0001:00010e30       _HTTP_ClientSessionInit    00411e30 f   httpcli.obj
 0001:00010e80       _HTTP_ClientSessionInitEx  00411e80 f   httpcli.obj
 0001:00010f00       _HTTP_ClientSessionOpenHost 00411f00 f   httpcli.obj
 0001:00011010       _HTTP_ClientSessionOpenAddr 00412010 f   httpcli.obj
 0001:00011110       _HTTP_ClientSessionSetBlocking 00412110 f   httpcli.obj
 0001:00011160       _HTTP_ClientSessionIsAlive 00412160 f   httpcli.obj
 0001:000111b0       _HTTP_ClientSessionSelect  004121b0 f   httpcli.obj
 0001:00011330       __HTTP_ClientSessionListToFdset 00412330 f   httpcli.obj
 0001:000113d0       __HTTP_FdsetToClientSessionList 004123d0 f   httpcli.obj
 0001:000114a0       _HTTP_ClientSessionReset   004124a0 f   httpcli.obj
 0001:000114f0       _HTTP_ClientSessionClose   004124f0 f   httpcli.obj
 0001:00011550       _HTTP_ClientSessionDestroy 00412550 f   httpcli.obj
 0001:000115c0       _HTTP_ClientRequestInit    004125c0 f   httpcli.obj
 0001:00011740       __HTTP_ClientRead          00412740 f   httpcli.obj
 0001:000118d0       __HTTP_ClientWrite         004128d0 f   httpcli.obj
 0001:00011940       __HTTP_ClientHostOptionGetLength 00412940 f   httpcli.obj
 0001:00011990       __HTTP_ClientHostOptionWriteValue 00412990 f   httpcli.obj
 0001:000119f0       _HTTP_ManagedClientInit    004129f0 f   httpmcli.obj
 0001:00011a60       _HTTP_ManagedClientDestroy 00412a60 f   httpmcli.obj
 0001:00011ab0       _HTTP_ManagedClientCloseAll 00412ab0 f   httpmcli.obj
 0001:00011b00       _HTTP_ManagedClientCloseHost 00412b00 f   httpmcli.obj
 0001:00011b90       _HTTP_ManagedClientCloseStale 00412b90 f   httpmcli.obj
 0001:00011c20       _HTTP_ManagedClientStartTransaction 00412c20 f   httpmcli.obj
 0001:00011d50       _HTTP_ManagedClientGet     00412d50 f   httpmcli.obj
 0001:00011e20       _HTTP_ManagedClientPut     00412e20 f   httpmcli.obj
 0001:00011ee0       _HTTP_ManagedClientPost    00412ee0 f   httpmcli.obj
 0001:00011fa0       _HTTP_ManagedClientRequestEx 00412fa0 f   httpmcli.obj
 0001:00012010       _HTTP_ManagedClientRequestHeaderDone 00413010 f   httpmcli.obj
 0001:00012060       _HTTP_ManagedClientReadResponseInfo 00413060 f   httpmcli.obj
 0001:00012130       _HTTP_ManagedClientReadResponseInfoEx 00413130 f   httpmcli.obj
 0001:00012210       _HTTP_ManagedClientReadSelect 00413210 f   httpmcli.obj
 0001:00012310       _HTTP_ManagedClientWriteSelect 00413310 f   httpmcli.obj
 0001:00012410       _HTTP_ManagedClientSelect  00413410 f   httpmcli.obj
 0001:00012620       _HTTP_ManagedClientWrite   00413620 f   httpmcli.obj
 0001:000126e0       _HTTP_ManagedClientWriteDone 004136e0 f   httpmcli.obj
 0001:00012780       _HTTP_ManagedClientRead    00413780 f   httpmcli.obj
 0001:00012880       _HTTP_ManagedClientReadFrom 00413880 f   httpmcli.obj
 0001:000128b0       _HTTP_ManagedClientFinishTransaction 004138b0 f   httpmcli.obj
 0001:00012920       _HTTP_ManagedClientCloseSession 00413920 f   httpmcli.obj
 0001:000129a0       __HTTP_ManagedClientFreeResponseInfo 004139a0 f   httpmcli.obj
 0001:00012a30       __HTTP_ManagedClientReadResponse 00413a30 f   httpmcli.obj
 0001:00012ba0       __HTTP_ManagedClientProcessHeader 00413ba0 f   httpmcli.obj
 0001:00012f30       __HTTP_ManagedToClientSessionList 00413f30 f   httpmcli.obj
 0001:00012fc0       __HTTP_ClientToManagedSessionList 00413fc0 f   httpmcli.obj
 0001:00013070       __HTTP_ClientSessionListIsSet 00414070 f   httpmcli.obj
 0001:000130d0       __HTTP_AllocManagedSession 004140d0 f   httpmcli.obj
 0001:00013110       __HTTP_FreeManagedSession  00414110 f   httpmcli.obj
 0001:00013150       _HTTP_ManagedClientFindOpenSession 00414150 f   httpmcli.obj
 0001:00013220       __HTTP_ManagedClientCacheSession 00414220 f   httpmcli.obj
 0001:00013300       __HTTP_ManagedClientCreateSession 00414300 f   httpmcli.obj
 0001:00013440       __HTTP_ManagedClientAuthWrite 00414440 f   httpmcli.obj
 0001:000134d0       __HTTP_ManagedClientCookieWrite 004144d0 f   httpmcli.obj
 0001:00013540       __HTTP_AddPostHeaders      00414540 f   httpmcli.obj
 0001:00013610       _HTTP_ManagedClientCloseCond 00414610 f   httpmcli.obj
 0001:000136b0       __HTTP_ManagedClientMatchAll 004146b0 f   httpmcli.obj
 0001:000136e0       __HTTP_ManagedClientMatchHost 004146e0 f   httpmcli.obj
 0001:00013770       __HTTP_ManagedClientMatchStale 00414770 f   httpmcli.obj
 0001:000137f0       __HTTP_ManagedClientInit   004147f0 f   httpmcli.obj
 0001:000138e0       __HTTP_ManagedClientSetDefaultHeaders 004148e0 f   httpmcli.obj
 0001:00013a70       __HTTP_ManagedClientRequestEx 00414a70 f   httpmcli.obj
 0001:00013ba0       __HTTP_ManagedClientRequestHeaderDone 00414ba0 f   httpmcli.obj
 0001:00013c70       _HTTP_ManagedClientGetSessionSocket 00414c70 f   httpmcli.obj
 0001:00013c9e       _WSACleanup@0              00414c9e f   ws2_32:WS2_32.dll
 0001:00013ca4       _WSAStartup@8              00414ca4 f   ws2_32:WS2_32.dll
 0001:00013caa       _WSAGetLastError@0         00414caa f   ws2_32:WS2_32.dll
 0001:00013cb0       _socket@12                 00414cb0 f   ws2_32:WS2_32.dll
 0001:00013cb6       _WSASetLastError@4         00414cb6 f   ws2_32:WS2_32.dll
 0001:00013cbc       _bind@12                   00414cbc f   ws2_32:WS2_32.dll
 0001:00013cc2       _htons@4                   00414cc2 f   ws2_32:WS2_32.dll
 0001:00013cc8       _listen@8                  00414cc8 f   ws2_32:WS2_32.dll
 0001:00013cce       _ntohs@4                   00414cce f   ws2_32:WS2_32.dll
 0001:00013cd4       _getpeername@12            00414cd4 f   ws2_32:WS2_32.dll
 0001:00013cda       _getsockname@12            00414cda f   ws2_32:WS2_32.dll
 0001:00013ce0       _accept@12                 00414ce0 f   ws2_32:WS2_32.dll
 0001:00013ce6       _connect@12                00414ce6 f   ws2_32:WS2_32.dll
 0001:00013cec       _recv@16                   00414cec f   ws2_32:WS2_32.dll
 0001:00013cf2       ___WSAFDIsSet@8            00414cf2 f   ws2_32:WS2_32.dll
 0001:00013cf8       _select@20                 00414cf8 f   ws2_32:WS2_32.dll
 0001:00013cfe       _send@16                   00414cfe f   ws2_32:WS2_32.dll
 0001:00013d04       _sendto@24                 00414d04 f   ws2_32:WS2_32.dll
 0001:00013d0a       _recvfrom@24               00414d0a f   ws2_32:WS2_32.dll
 0001:00013d10       _closesocket@4             00414d10 f   ws2_32:WS2_32.dll
 0001:00013d16       _shutdown@8                00414d16 f   ws2_32:WS2_32.dll
 0001:00013d1c       _ioctlsocket@12            00414d1c f   ws2_32:WS2_32.dll
 0001:00013d22       _setsockopt@20             00414d22 f   ws2_32:WS2_32.dll
 0001:00013d28       _htonl@4                   00414d28 f   ws2_32:WS2_32.dll
 0001:00013d2e       _ntohl@4                   00414d2e f   ws2_32:WS2_32.dll
 0001:00013d34       _inet_ntoa@4               00414d34 f   ws2_32:WS2_32.dll
 0001:00013d3a       _getservbyname@8           00414d3a f   ws2_32:WS2_32.dll
 0001:00013d40       _inet_addr@4               00414d40 f   ws2_32:WS2_32.dll
 0001:00013d46       _gethostbyname@4           00414d46 f   ws2_32:WS2_32.dll
 0001:00013d4c       _gethostbyaddr@12          00414d4c f   ws2_32:WS2_32.dll
 0001:00013d52       _getservbyport@8           00414d52 f   ws2_32:WS2_32.dll
 0001:00013d58       _OutputDebugStringA@4      00414d58 f   kernel32:KERNEL32.dll
 0001:00013d5e       _GetLastError@0            00414d5e f   kernel32:KERNEL32.dll
 0001:00013d64       _SetFileAttributesA@8      00414d64 f   kernel32:KERNEL32.dll
 0001:00013d6a       _FreeLibrary@4             00414d6a f   kernel32:KERNEL32.dll
 0001:00013d70       _GetProcAddress@8          00414d70 f   kernel32:KERNEL32.dll
 0001:00013d76       _LoadLibraryA@4            00414d76 f   kernel32:KERNEL32.dll
 0001:00013d7c       _GetSystemDirectoryA@8     00414d7c f   kernel32:KERNEL32.dll
 0001:00013d82       _CreateSemaphoreA@16       00414d82 f   kernel32:KERNEL32.dll
 0001:00013d88       _CloseHandle@4             00414d88 f   kernel32:KERNEL32.dll
 0001:00013d8e       _WaitForSingleObject@8     00414d8e f   kernel32:KERNEL32.dll
 0001:00013d94       _ReleaseSemaphore@12       00414d94 f   kernel32:KERNEL32.dll
 0001:00013d9a       _CreateMutexA@12           00414d9a f   kernel32:KERNEL32.dll
 0001:00013da0       _ReleaseMutex@4            00414da0 f   kernel32:KERNEL32.dll
 0001:00013da6       _Sleep@4                   00414da6 f   kernel32:KERNEL32.dll
 0001:00013dac       _TlsAlloc@0                00414dac f   kernel32:KERNEL32.dll
 0001:00013db2       _TlsFree@4                 00414db2 f   kernel32:KERNEL32.dll
 0001:00013db8       _SetThreadPriority@8       00414db8 f   kernel32:KERNEL32.dll
 0001:00013dbe       _CreateThread@24           00414dbe f   kernel32:KERNEL32.dll
 0001:00013dc4       _TlsGetValue@4             00414dc4 f   kernel32:KERNEL32.dll
 0001:00013dca       _ExitThread@4              00414dca f   kernel32:KERNEL32.dll
 0001:00013dd0       _TlsSetValue@8             00414dd0 f   kernel32:KERNEL32.dll
 0001:00013dd6       _GetTickCount@0            00414dd6 f   kernel32:KERNEL32.dll
 0001:00013de0       _printf                    00414de0 f   LIBCD:printf.obj
 0001:00013e50       __RTC_CheckEsp             00414e50 f   LIBCD:stack.obj
 0001:00013e80       @_RTC_CheckStackVars@8     00414e80 f   LIBCD:stack.obj
 0001:00013ef0       __RTC_InitBase             00414ef0 f   LIBCD:init.obj
 0001:00013f20       __RTC_Shutdown             00414f20 f   LIBCD:init.obj
 0001:00013f40       _localtime                 00414f40 f   LIBCD:localtim.obj
 0001:000141b0       _time                      004151b0 f   LIBCD:time.obj
 0001:00014200       __snprintf                 00415200 f   LIBCD:snprintf.obj
 0001:000142f0       __alloca_probe             004152f0     LIBCD:chkstk.obj
 0001:000142f0       __chkstk                   004152f0 f   LIBCD:chkstk.obj
 0001:00014330       _malloc                    00415330 f   LIBCD:dbgheap.obj
 0001:00014360       __malloc_dbg               00415360 f   LIBCD:dbgheap.obj
 0001:00014390       __nh_malloc                00415390 f   LIBCD:dbgheap.obj
 0001:000143b0       __nh_malloc_dbg            004153b0 f   LIBCD:dbgheap.obj
 0001:00014400       __heap_alloc               00415400 f   LIBCD:dbgheap.obj
 0001:00014420       __heap_alloc_dbg           00415420 f   LIBCD:dbgheap.obj
 0001:00014740       _calloc                    00415740 f   LIBCD:dbgheap.obj
 0001:00014770       __calloc_dbg               00415770 f   LIBCD:dbgheap.obj
 0001:000147d0       _realloc                   004157d0 f   LIBCD:dbgheap.obj
 0001:00014800       __realloc_dbg              00415800 f   LIBCD:dbgheap.obj
 0001:00014d40       __expand                   00415d40 f   LIBCD:dbgheap.obj
 0001:00014d70       __expand_dbg               00415d70 f   LIBCD:dbgheap.obj
 0001:00014da0       _free                      00415da0 f   LIBCD:dbgheap.obj
 0001:00014dc0       __free_dbg                 00415dc0 f   LIBCD:dbgheap.obj
 0001:000151d0       __msize                    004161d0 f   LIBCD:dbgheap.obj
 0001:000151f0       __msize_dbg                004161f0 f   LIBCD:dbgheap.obj
 0001:00015310       __CrtSetBreakAlloc         00416310 f   LIBCD:dbgheap.obj
 0001:00015330       __CrtSetDbgBlockType       00416330 f   LIBCD:dbgheap.obj
 0001:000153b0       __CrtSetAllocHook          004163b0 f   LIBCD:dbgheap.obj
 0001:00015420       __CrtCheckMemory           00416420 f   LIBCD:dbgheap.obj
 0001:00015740       __CrtSetDbgFlag            00416740 f   LIBCD:dbgheap.obj
 0001:000157a0       __CrtDoForAllClientObjects 004167a0 f   LIBCD:dbgheap.obj
 0001:00015800       __CrtIsValidPointer        00416800 f   LIBCD:dbgheap.obj
 0001:00015850       __CrtIsValidHeapPointer    00416850 f   LIBCD:dbgheap.obj
 0001:00015900       __CrtIsMemoryBlock         00416900 f   LIBCD:dbgheap.obj
 0001:000159e0       __CrtReportBlockType       004169e0 f   LIBCD:dbgheap.obj
 0001:00015a10       __CrtSetDumpClient         00416a10 f   LIBCD:dbgheap.obj
 0001:00015a30       __CrtMemCheckpoint         00416a30 f   LIBCD:dbgheap.obj
 0001:00015b80       __CrtMemDifference         00416b80 f   LIBCD:dbgheap.obj
 0001:00015ca0       __CrtMemDumpAllObjectsSince 00416ca0 f   LIBCD:dbgheap.obj
 0001:00016020       __CrtDumpMemoryLeaks       00417020 f   LIBCD:dbgheap.obj
 0001:00016090       __CrtMemDumpStatistics     00417090 f   LIBCD:dbgheap.obj
 0001:00016140       __aligned_malloc           00417140 f   LIBCD:dbgheap.obj
 0001:00016160       __aligned_malloc_dbg       00417160 f   LIBCD:dbgheap.obj
 0001:00016180       __aligned_realloc          00417180 f   LIBCD:dbgheap.obj
 0001:000161a0       __aligned_realloc_dbg      004171a0 f   LIBCD:dbgheap.obj
 0001:000161d0       __aligned_offset_malloc    004171d0 f   LIBCD:dbgheap.obj
 0001:000161f0       __aligned_offset_malloc_dbg 004171f0 f   LIBCD:dbgheap.obj
 0001:00016330       __aligned_offset_realloc   00417330 f   LIBCD:dbgheap.obj
 0001:00016360       __aligned_offset_realloc_dbg 00417360 f   LIBCD:dbgheap.obj
 0001:000165c0       __aligned_free             004175c0 f   LIBCD:dbgheap.obj
 0001:000165e0       __aligned_free_dbg         004175e0 f   LIBCD:dbgheap.obj
 0001:00016690       __findfirst                00417690 f   LIBCD:findfile.obj
 0001:000167d0       __findnext                 004177d0 f   LIBCD:findfile.obj
 0001:00016910       __findclose                00417910 f   LIBCD:findfile.obj
 0001:00016940       ___timet_from_ft           00417940 f   LIBCD:findfile.obj
 0001:000169c0       _memset                    004179c0 f   LIBCD:memset.obj
 0001:00016a20       _strncpy                   00417a20 f   LIBCD:strncpy.obj
 0001:00016b50       _strlen                    00417b50 f   LIBCD:strlen.obj
 0001:00016be0       _memcpy                    00417be0 f   LIBCD:memcpy.obj
 0001:00016f20       _strstr                    00417f20 f   LIBCD:strstr.obj
 0001:00016fb0       ?_RTC_Failure@@YAXPAXH@Z   00417fb0 f   LIBCD:error.obj
 0001:00017210       ?_RTC_MemFailure@@YAXPAXHPBX@Z 00418210 f   LIBCD:error.obj
 0001:00017460       ?_RTC_StackFailure@@YAXPAXPBD@Z 00418460 f   LIBCD:error.obj
 0001:00017520       __RTC_UninitUse            00418520 f   LIBCD:error.obj
 0001:000176e0       _strcpy                    004186e0 f   LIBCD:strcat.obj
 0001:000176f0       _strcat                    004186f0 f   LIBCD:strcat.obj
 0001:000177e0       __open                     004187e0 f   LIBCD:open.obj
 0001:00017820       __sopen                    00418820 f   LIBCD:open.obj
 0001:00017d10       _close                     00418d10 f   LIBCD:close.obj
 0001:00017d10       __close                    00418d10 f   LIBCD:close.obj
 0001:00017e00       __read                     00418e00 f   LIBCD:read.obj
 0001:00018250       __write                    00419250 f   LIBCD:write.obj
 0001:00018570       __lseek                    00419570 f   LIBCD:lseek.obj
 0001:00018660       __chsize                   00419660 f   LIBCD:chsize.obj
 0001:00018870       _rename                    00419870 f   LIBCD:rename.obj
 0001:000188c0       _remove                    004198c0 f   LIBCD:unlink.obj
 0001:00018910       __unlink                   00419910 f   LIBCD:unlink.obj
 0001:00018930       __mkdir                    00419930 f   LIBCD:mkdir.obj
 0001:00018980       __rmdir                    00419980 f   LIBCD:rmdir.obj
 0001:000189d0       __chdir                    004199d0 f   LIBCD:chdir.obj
 0001:00018bd0       __getcwd                   00419bd0 f   LIBCD:getcwd.obj
 0001:00018bf0       __getdcwd                  00419bf0 f   LIBCD:getcwd.obj
 0001:00018d40       __validdrive               00419d40 f   LIBCD:getcwd.obj
 0001:00018d90       __getdiskfree              00419d90 f   LIBCD:drivfree.obj
 0001:00018e10       __tolower                  00419e10 f   LIBCD:tolower.obj
 0001:00018e20       _tolower                   00419e20 f   LIBCD:tolower.obj
 0001:00018f50       __utime                    00419f50 f   LIBCD:utime.obj
 0001:00018fa0       __futime                   00419fa0 f   LIBCD:utime.obj
 0001:00019150       _mktime                    0041a150 f   LIBCD:mktime.obj
 0001:00019170       __mkgmtime                 0041a170 f   LIBCD:mktime.obj
 0001:000194a0       _strcmp                    0041a4a0 f   LIBCD:strcmp.obj
 0001:00019530       _atol                      0041a530 f   LIBCD:atox.obj
 0001:000195f0       _atoi                      0041a5f0 f   LIBCD:atox.obj
 0001:00019610       __atoi64                   0041a610 f   LIBCD:atox.obj
 0001:00019700       _sprintf                   0041a700 f   LIBCD:sprintf.obj
 0001:000197f0       __scprintf                 0041a7f0 f   LIBCD:sprintf.obj
 0001:00019870       _strtol                    0041a870 f   LIBCD:strtol.obj
 0001:00019b60       _strtoul                   0041ab60 f   LIBCD:strtol.obj
 0001:00019b90       _strchr                    0041ab90 f   LIBCD:strchr.obj
 0001:00019b96       ___from_strstr_to_strchr   0041ab96     LIBCD:strchr.obj
 0001:00019c50       _strpbrk                   0041ac50 f   LIBCD:strpbrk.obj
 0001:00019c90       _memmove                   0041ac90 f   LIBCD:memmove.obj
 0001:00019fd0       _mainCRTStartup            0041afd0 f   LIBCD:crt0.obj
 0001:0001a1c0       __amsg_exit                0041b1c0 f   LIBCD:crt0.obj
 0001:0001a2e0       __stbuf                    0041b2e0 f   LIBCD:_sftbuf.obj
 0001:0001a430       __ftbuf                    0041b430 f   LIBCD:_sftbuf.obj
 0001:0001a4e0       __output                   0041b4e0 f   LIBCD:output.obj
 0001:0001b460       ___iob_func                0041c460 f   LIBCD:_file.obj
 0001:0001b470       ___initstdio               0041c470 f   LIBCD:_file.obj
 0001:0001b5a0       ___endstdio                0041c5a0 f   LIBCD:_file.obj
 0001:0001b5c0       __CrtDbgBreak              0041c5c0 f   LIBCD:dbgrpt.obj
 0001:0001b5d0       __CrtSetReportMode         0041c5d0 f   LIBCD:dbgrpt.obj
 0001:0001b630       __CrtSetReportFile         0041c630 f   LIBCD:dbgrpt.obj
 0001:0001b6b0       __CrtSetReportHook         0041c6b0 f   LIBCD:dbgrpt.obj
 0001:0001b6d0       __CrtSetReportHook2        0041c6d0 f   LIBCD:dbgrpt.obj
 0001:0001b8b0       __CrtDbgReport             0041c8b0 f   LIBCD:dbgrpt.obj
 0001:0001bfa0       __RTC_NumErrors            0041cfa0 f   LIBCD:userapi.obj
 0001:0001bfb0       __RTC_GetErrDesc           0041cfb0 f   LIBCD:userapi.obj
 0001:0001bfd0       __RTC_SetErrorType         0041cfd0 f   LIBCD:userapi.obj
 0001:0001c000       __RTC_SetErrorFunc         0041d000 f   LIBCD:userapi.obj
 0001:0001c020       ?_RTC_GetErrorFunc@@YAP6AHHPBDH00ZZPBX@Z 0041d020 f   LIBCD:userapi.obj
 0001:0001c030       __chkesp                   0041d030 f   LIBCD:chkesp.obj
 0001:0001c070       __CRT_RTC_INIT             0041d070 f   LIBCD:chkesp.obj
 0001:0001c080       ___tzset                   0041d080 f   LIBCD:tzset.obj
 0001:0001c0b0       __tzset                    0041d0b0 f   LIBCD:tzset.obj
 0001:0001c450       __isindst                  0041d450 f   LIBCD:tzset.obj
 0001:0001c9c0       _gmtime                    0041d9c0 f   LIBCD:gmtime.obj
 0001:0001cb90       __aulldiv                  0041db90 f   LIBCD:ulldiv.obj
 0001:0001cc00       __flsbuf                   0041dc00 f   LIBCD:_flsbuf.obj
 0001:0001ce60       ?_set_new_handler@@YAP6AHI@ZP6AHI@Z@Z 0041de60 f   LIBCD:handler.obj
 0001:0001ce80       ?_query_new_handler@@YAP6AHI@ZXZ 0041de80 f   LIBCD:handler.obj
 0001:0001ce90       __callnewh                 0041de90 f   LIBCD:handler.obj
 0001:0001cec0       __malloc_base              0041dec0 f   LIBCD:malloc.obj
 0001:0001cee0       __nh_malloc_base           0041dee0 f   LIBCD:malloc.obj
 0001:0001cf40       __heap_alloc_base          0041df40 f   LIBCD:malloc.obj
 0001:0001cfb0       __CrtDefaultAllocHook      0041dfb0 f   LIBCD:dbghook.obj
 0001:0001cfc0       __expand_base              0041dfc0 f   LIBCD:expand.obj
 0001:0001d090       __realloc_base             0041e090 f   LIBCD:realloc.obj
 0001:0001d2f0       __free_base                0041e2f0 f   LIBCD:free.obj
 0001:0001d360       __heapchk                  0041e360 f   LIBCD:heapchk.obj
 0001:0001d3d0       __heapset                  0041e3d0 f   LIBCD:heapchk.obj
 0001:0001d3e0       ___heap_select             0041e3e0 f   LIBCD:heapinit.obj
 0001:0001d410       __heap_init                0041e410 f   LIBCD:heapinit.obj
 0001:0001d480       __heap_term                0041e480 f   LIBCD:heapinit.obj
 0001:0001d530       __get_heap_handle          0041e530 f   LIBCD:heapinit.obj
 0001:0001d540       __cinit                    0041e540 f   LIBCD:crt0dat.obj
 0001:0001d5a0       _exit                      0041e5a0 f   LIBCD:crt0dat.obj
 0001:0001d5c0       __exit                     0041e5c0 f   LIBCD:crt0dat.obj
 0001:0001d5e0       __cexit                    0041e5e0 f   LIBCD:crt0dat.obj
 0001:0001d600       __c_exit                   0041e600 f   LIBCD:crt0dat.obj
 0001:0001d700       ___crtExitProcess          0041e700 f   LIBCD:crt0dat.obj
 0001:0001d7c0       __get_sbh_threshold        0041e7c0 f   LIBCD:sbheap.obj
 0001:0001d7e0       __set_sbh_threshold        0041e7e0 f   LIBCD:sbheap.obj
 0001:0001d850       ___sbh_heap_init           0041e850 f   LIBCD:sbheap.obj
 0001:0001d8c0       ___sbh_find_block          0041e8c0 f   LIBCD:sbheap.obj
 0001:0001d920       ___sbh_verify_block        0041e920 f   LIBCD:sbheap.obj
 0001:0001d980       ___sbh_free_block          0041e980 f   LIBCD:sbheap.obj
 0001:0001df40       ___sbh_alloc_block         0041ef40 f   LIBCD:sbheap.obj
 0001:0001e460       ___sbh_alloc_new_region    0041f460 f   LIBCD:sbheap.obj
 0001:0001e570       ___sbh_alloc_new_group     0041f570 f   LIBCD:sbheap.obj
 0001:0001e760       ___sbh_resize_block        0041f760 f   LIBCD:sbheap.obj
 0001:0001ed30       ___sbh_heapmin             0041fd30 f   LIBCD:sbheap.obj
 0001:0001ee60       ___sbh_heap_check          0041fe60 f   LIBCD:sbheap.obj
 0001:0001f370       __chvalidator              00420370 f   LIBCD:isctype.obj
 0001:0001f3b0       __isctype                  004203b0 f   LIBCD:isctype.obj
 0001:0001f470       @__security_check_cookie@4 00420470 f   LIBCD:secchk.obj
 0001:0001f4f0       ___loctotime_t             004204f0 f   LIBCD:dtoxtime.obj
 0001:0001f650       ?_RTC_GetSrcLine@@YAHKPADHPAHPAPAD@Z 00420650 f   LIBCD:pdblkup.obj
 0001:0001fef0       __global_unwind2           00420ef0 f   LIBCD:exsup.obj
 0001:0001ff32       __local_unwind2            00420f32 f   LIBCD:exsup.obj
 0001:0001ff8a       __NLG_Return2              00420f8a     LIBCD:exsup.obj
 0001:0001ff9a       __abnormal_termination     00420f9a f   LIBCD:exsup.obj
 0001:0001ffbd       __NLG_Notify1              00420fbd f   LIBCD:exsup.obj
 0001:0001ffc6       __NLG_Notify               00420fc6 f   LIBCD:exsup.obj
 0001:0001ffd9       __NLG_Dispatch             00420fd9     LIBCD:exsup.obj
 0001:0001ffe8       __except_handler3          00420fe8 f   LIBCD:exsup3.obj
 0001:000200ce       __seh_longjmp_unwind@4     004210ce f   LIBCD:exsup3.obj
 0001:000200f0       __ioinit                   004210f0 f   LIBCD:ioinit.obj
 0001:00020400       __ioterm                   00421400 f   LIBCD:ioinit.obj
 0001:00020460       __alloc_osfhnd             00421460 f   LIBCD:osfinfo.obj
 0001:00020590       __set_osfhnd               00421590 f   LIBCD:osfinfo.obj
 0001:00020640       __free_osfhnd              00421640 f   LIBCD:osfinfo.obj
 0001:00020710       __get_osfhandle            00421710 f   LIBCD:osfinfo.obj
 0001:00020770       __open_osfhandle           00421770 f   LIBCD:osfinfo.obj
 0001:00020870       __dosmaperr                00421870 f   LIBCD:dosmap.obj
 0001:00020900       __lseeki64                 00421900 f   LIBCD:lseeki64.obj
 0001:00020a00       __setmode                  00421a00 f   LIBCD:setmode.obj
 0001:00020b10       __mbctoupper               00421b10 f   LIBCD:mbtoupr.obj
 0001:00020bd0       __resetstkoflw             00421bd0 f   LIBCD:resetstk.obj
 0001:00020d20       ___crtLCMapStringA         00421d20 f   LIBCD:a_map.obj
 0001:000212e0       ___pwctype_func            004222e0 f   LIBCD:ctype.obj
 0001:000212f0       ___pctype_func             004222f0 f   LIBCD:ctype.obj
 0001:00021300       __ismbcspace               00422300 f   LIBCD:ismbspc.obj
 0001:000213d0       __allmul                   004223d0 f   LIBCD:llmul.obj
 0001:00021410       ___CppXcptFilter           00422410 f   LIBCD:winxfltr.obj
 0001:00021440       __XcptFilter               00422440 f   LIBCD:winxfltr.obj
 0001:00021650       __setenvp                  00422650 f   LIBCD:stdenvp.obj
 0001:000217d0       __setargv                  004227d0 f   LIBCD:stdargv.obj
 0001:00021c30       ___crtGetEnvironmentStringsA 00422c30 f   LIBCD:a_env.obj
 0001:00021e50       __RTC_Initialize           00422e50 f   LIBCD:initsect.obj
 0001:00021ed0       __RTC_Terminate            00422ed0 f   LIBCD:initsect.obj
 0001:00021f50       __FF_MSGBANNER             00422f50 f   LIBCD:crt0msg.obj
 0001:00021fa0       __NMSG_WRITE               00422fa0 f   LIBCD:crt0msg.obj
 0001:000221b0       __GET_RTERRMSG             004231b0 f   LIBCD:crt0msg.obj
 0001:00022200       __isatty                   00423200 f   LIBCD:isatty.obj
 0001:00022230       _fflush                    00423230 f   LIBCD:fflush.obj
 0001:00022290       __flush                    00423290 f   LIBCD:fflush.obj
 0001:00022350       __flushall                 00423350 f   LIBCD:fflush.obj
 0001:00022440       _wctomb                    00423440 f   LIBCD:wctomb.obj
 0001:000224e0       __aullrem                  004234e0 f   LIBCD:ullrem.obj
 0001:00022560       __fcloseall                00423560 f   LIBCD:closeall.obj
 0001:00022610       _itoa                      00423610 f   LIBCD:xtoa.obj
 0001:00022610       __itoa                     00423610 f   LIBCD:xtoa.obj
 0001:00022730       __ltoa                     00423730 f   LIBCD:xtoa.obj
 0001:00022770       __ultoa                    00423770 f   LIBCD:xtoa.obj
 0001:00022790       __i64toa                   00423790 f   LIBCD:xtoa.obj
 0001:000228e0       __ui64toa                  004238e0 f   LIBCD:xtoa.obj
 0001:00022900       __vsnprintf                00423900 f   LIBCD:vsnprint.obj
 0001:000229d0       _signal                    004239d0 f   LIBCD:winsig.obj
 0001:00022be0       _raise                     00423be0 f   LIBCD:winsig.obj
 0001:00022df0       ___crtMessageBoxA          00423df0 f   LIBCD:crtmbox.obj
 0001:00022f60       _getenv                    00423f60 f   LIBCD:getenv.obj
 0001:00023030       __getbuf                   00424030 f   LIBCD:_getbuf.obj
 0001:000230f0       __onexit                   004240f0 f   LIBCD:onexit.obj
 0001:000231e0       _atexit                    004241e0 f   LIBCD:onexit.obj
 0001:00023200       ___onexitinit              00424200 f   LIBCD:onexit.obj
 0001:00023250       ___crtGetStringTypeA       00424250 f   LIBCD:a_str.obj
 0001:000234f0       ___security_init_cookie    004244f0 f   LIBCD:seccinit.obj
 0001:00023590       ___security_error_handler  00424590 f   LIBCD:secfail.obj
 0001:000237c0       __set_security_error_handler 004247c0 f   LIBCD:secfail.obj
 0001:000237e0       ___buffer_overrun          004247e0 f   LIBCD:secfail.obj
 0001:00023800       ___set_buffer_overrun_handler 00424800 f   LIBCD:secfail.obj
 0001:00023820       __ValidateEH3RN            00424820 f   LIBCD:eh3valid.obj
 0001:00023c10       __setmbcp                  00424c10 f   LIBCD:mbctype.obj
 0001:000243a0       __getmbcp                  004253a0 f   LIBCD:mbctype.obj
 0001:000243c0       ___initmbctable            004253c0 f   LIBCD:mbctype.obj
 0001:000243f0       ___ansicp                  004253f0 f   LIBCD:convrtcp.obj
 0001:00024450       ___convertcp               00425450 f   LIBCD:convrtcp.obj
 0001:000246f0       __commit                   004256f0 f   LIBCD:commit.obj
 0001:00024780       __fptrap                   00425780 f   LIBCD:crt0fp.obj
 0001:00024790       _fclose                    00425790 f   LIBCD:fclose.obj
 0001:00024860       __mbsnbicoll               00425860 f   LIBCD:mbsnbico.obj
 0001:000248b0       ___wtomb_environ           004258b0 f   LIBCD:wtombenv.obj
 0001:000249a0       __freebuf                  004259a0 f   LIBCD:_freebuf.obj
 0001:00024a30       ___crtCompareStringA       00425a30 f   LIBCD:a_cmp.obj
 0001:00024ff0       ___crtsetenv               00425ff0 f   LIBCD:setenv.obj
 0001:000254e0       __mbschr                   004264e0 f   LIBCD:mbschr.obj
 0001:00025586       _GetSystemTimeAsFileTime@4 00426586 f   kernel32:KERNEL32.dll
 0001:0002558c       _IsBadWritePtr@8           0042658c f   kernel32:KERNEL32.dll
 0001:00025592       _IsBadReadPtr@8            00426592 f   kernel32:KERNEL32.dll
 0001:00025598       _HeapValidate@12           00426598 f   kernel32:KERNEL32.dll
 0001:0002559e       _FindFirstFileA@8          0042659e f   kernel32:KERNEL32.dll
 0001:000255a4       _FindNextFileA@8           004265a4 f   kernel32:KERNEL32.dll
 0001:000255aa       _FindClose@4               004265aa f   kernel32:KERNEL32.dll
 0001:000255b0       _FileTimeToSystemTime@8    004265b0 f   kernel32:KERNEL32.dll
 0001:000255b6       _FileTimeToLocalFileTime@8 004265b6 f   kernel32:KERNEL32.dll
 0001:000255bc       _DebugBreak@0              004265bc f   kernel32:KERNEL32.dll
 0001:000255c2       _RaiseException@16         004265c2 f   kernel32:KERNEL32.dll
 0001:000255c8       _GetVersionExA@4           004265c8 f   kernel32:KERNEL32.dll
 0001:000255ce       _GetFileType@4             004265ce f   kernel32:KERNEL32.dll
 0001:000255d4       _CreateFileA@28            004265d4 f   kernel32:KERNEL32.dll
 0001:000255da       _ReadFile@20               004265da f   kernel32:KERNEL32.dll
 0001:000255e0       _WriteFile@20              004265e0 f   kernel32:KERNEL32.dll
 0001:000255e6       _SetFilePointer@16         004265e6 f   kernel32:KERNEL32.dll
 0001:000255ec       _SetEndOfFile@4            004265ec f   kernel32:KERNEL32.dll
 0001:000255f2       _MoveFileA@8               004265f2 f   kernel32:KERNEL32.dll
 0001:000255f8       _DeleteFileA@4             004265f8 f   kernel32:KERNEL32.dll
 0001:000255fe       _CreateDirectoryA@8        004265fe f   kernel32:KERNEL32.dll
 0001:00025604       _RemoveDirectoryA@4        00426604 f   kernel32:KERNEL32.dll
 0001:0002560a       _SetEnvironmentVariableA@8 0042660a f   kernel32:KERNEL32.dll
 0001:00025610       _GetCurrentDirectoryA@8    00426610 f   kernel32:KERNEL32.dll
 0001:00025616       _SetCurrentDirectoryA@4    00426616 f   kernel32:KERNEL32.dll
 0001:0002561c       _GetFullPathNameA@16       0042661c f   kernel32:KERNEL32.dll
 0001:00025622       _GetDriveTypeA@4           00426622 f   kernel32:KERNEL32.dll
 0001:00025628       _GetDiskFreeSpaceA@20      00426628 f   kernel32:KERNEL32.dll
 0001:0002562e       _SetFileTime@16            0042662e f   kernel32:KERNEL32.dll
 0001:00025634       _LocalFileTimeToFileTime@8 00426634 f   kernel32:KERNEL32.dll
 0001:0002563a       _SystemTimeToFileTime@8    0042663a f   kernel32:KERNEL32.dll
 0001:00025640       _GetCommandLineA@0         00426640 f   kernel32:KERNEL32.dll
 0001:00025646       _GetModuleHandleA@4        00426646 f   kernel32:KERNEL32.dll
 0001:0002564c       _GetStdHandle@4            0042664c f   kernel32:KERNEL32.dll
 0001:00025652       _InterlockedDecrement@4    00426652 f   kernel32:KERNEL32.dll
 0001:00025658       _InterlockedIncrement@4    00426658 f   kernel32:KERNEL32.dll
 0001:0002565e       _GetModuleFileNameA@12     0042665e f   kernel32:KERNEL32.dll
 0001:00025664       _WideCharToMultiByte@32    00426664 f   kernel32:KERNEL32.dll
 0001:0002566a       _GetTimeZoneInformation@4  0042666a f   kernel32:KERNEL32.dll
 0001:00025670       _HeapAlloc@12              00426670 f   kernel32:KERNEL32.dll
 0001:00025676       _HeapReAlloc@16            00426676 f   kernel32:KERNEL32.dll
 0001:0002567c       _HeapFree@12               0042667c f   kernel32:KERNEL32.dll
 0001:00025682       _HeapDestroy@4             00426682 f   kernel32:KERNEL32.dll
 0001:00025688       _HeapCreate@12             00426688 f   kernel32:KERNEL32.dll
 0001:0002568e       _VirtualFree@12            0042668e f   kernel32:KERNEL32.dll
 0001:00025694       _TerminateProcess@8        00426694 f   kernel32:KERNEL32.dll
 0001:0002569a       _GetCurrentProcess@0       0042669a f   kernel32:KERNEL32.dll
 0001:000256a0       _ExitProcess@4             004266a0 f   kernel32:KERNEL32.dll
 0001:000256a6       _VirtualAlloc@16           004266a6 f   kernel32:KERNEL32.dll
 0001:000256ac       _GetProcessHeap@0          004266ac f   kernel32:KERNEL32.dll
 0001:000256b2       _RtlUnwind@16              004266b2 f   kernel32:KERNEL32.dll
 0001:000256b8       _SetHandleCount@4          004266b8 f   kernel32:KERNEL32.dll
 0001:000256be       _GetStartupInfoA@4         004266be f   kernel32:KERNEL32.dll
 0001:000256c4       _SetStdHandle@8            004266c4 f   kernel32:KERNEL32.dll
 0001:000256ca       _VirtualProtect@16         004266ca f   kernel32:KERNEL32.dll
 0001:000256d0       _GetSystemInfo@4           004266d0 f   kernel32:KERNEL32.dll
 0001:000256d6       _VirtualQuery@12           004266d6 f   kernel32:KERNEL32.dll
 0001:000256dc       _MultiByteToWideChar@24    004266dc f   kernel32:KERNEL32.dll
 0001:000256e2       _LCMapStringA@24           004266e2 f   kernel32:KERNEL32.dll
 0001:000256e8       _LCMapStringW@24           004266e8 f   kernel32:KERNEL32.dll
 0001:000256ee       _UnhandledExceptionFilter@4 004266ee f   kernel32:KERNEL32.dll
 0001:000256f4       _FreeEnvironmentStringsA@4 004266f4 f   kernel32:KERNEL32.dll
 0001:000256fa       _GetEnvironmentStrings@0   004266fa f   kernel32:KERNEL32.dll
 0001:00025700       _FreeEnvironmentStringsW@4 00426700 f   kernel32:KERNEL32.dll
 0001:00025706       _GetEnvironmentStringsW@0  00426706 f   kernel32:KERNEL32.dll
 0001:0002570c       _SetConsoleCtrlHandler@8   0042670c f   kernel32:KERNEL32.dll
 0001:00025712       _GetStringTypeA@20         00426712 f   kernel32:KERNEL32.dll
 0001:00025718       _GetStringTypeW@16         00426718 f   kernel32:KERNEL32.dll
 0001:0002571e       _QueryPerformanceCounter@4 0042671e f   kernel32:KERNEL32.dll
 0001:00025724       _GetCurrentThreadId@0      00426724 f   kernel32:KERNEL32.dll
 0001:0002572a       _GetCurrentProcessId@0     0042672a f   kernel32:KERNEL32.dll
 0001:00025730       _InterlockedExchange@8     00426730 f   kernel32:KERNEL32.dll
 0001:00025736       _GetCPInfo@8               00426736 f   kernel32:KERNEL32.dll
 0001:0002573c       _GetACP@0                  0042673c f   kernel32:KERNEL32.dll
 0001:00025742       _GetOEMCP@0                00426742 f   kernel32:KERNEL32.dll
 0001:00025748       _GetLocaleInfoA@16         00426748 f   kernel32:KERNEL32.dll
 0001:0002574e       _FlushFileBuffers@4        0042674e f   kernel32:KERNEL32.dll
 0001:00025754       _CompareStringA@24         00426754 f   kernel32:KERNEL32.dll
 0001:0002575a       _CompareStringW@24         0042675a f   kernel32:KERNEL32.dll
 0001:00025760       __dup                      00426760 f   LIBCD:dup.obj
 0001:00025760       _dup                       00426760 f   LIBCD:dup.obj
 0001:00025890       __strnicmp                 00426890 f   LIBCD:strnicmp.obj
 0001:00025890       _strnicmp                  00426890 f   LIBCD:strnicmp.obj
 0001:00025930       _getch                     00426930 f   LIBCD:getch.obj
 0001:00025930       __getch                    00426930 f   LIBCD:getch.obj
 0001:00025a40       __getche                   00426a40 f   LIBCD:getch.obj
 0001:00025aa0       __kbhit                    00426aa0 f   LIBCD:getch.obj
 0001:00025aa0       _kbhit                     00426aa0 f   LIBCD:getch.obj
 0001:00025c50       __ungetch                  00426c50 f   LIBCD:getch.obj
 0001:00025c80       __getextendedkeycode       00426c80 f   LIBCD:getch.obj
 0001:00025dd0       __putch                    00426dd0 f   LIBCD:putch.obj
 0001:00025dd0       _putch                     00426dd0 f   LIBCD:putch.obj
 0001:00025e20       __stricmp                  00426e20 f   LIBCD:stricmp.obj
 0001:00025e20       _stricmp                   00426e20 f   LIBCD:stricmp.obj
 0001:00025ea0       ___ascii_strnicmp          00426ea0 f   LIBCD:_strnicm.obj
 0001:00025f10       ___initconin               00426f10 f   LIBCD:initcon.obj
 0001:00025f40       ___initconout              00426f40 f   LIBCD:initcon.obj
 0001:00025f70       ___termcon                 00426f70 f   LIBCD:initcon.obj
 0001:00025fc0       ___ascii_stricmp           00426fc0 f   LIBCD:_stricmp.obj
 0001:0002600e       _DuplicateHandle@28        0042700e f   kernel32:KERNEL32.dll
 0001:00026014       _ReadConsoleInputA@16      00427014 f   kernel32:KERNEL32.dll
 0001:0002601a       _SetConsoleMode@8          0042701a f   kernel32:KERNEL32.dll
 0001:00026020       _GetConsoleMode@8          00427020 f   kernel32:KERNEL32.dll
 0001:00026026       _PeekConsoleInputA@16      00427026 f   kernel32:KERNEL32.dll
 0001:0002602c       _GetNumberOfConsoleInputEvents@8 0042702c f   kernel32:KERNEL32.dll
 0001:00026032       _WriteConsoleA@20          00427032 f   kernel32:KERNEL32.dll
 0002:00000000       __imp__WriteFile@20        00428000     kernel32:KERNEL32.dll
 0002:00000004       __imp__GetNumberOfConsoleInputEvents@8 00428004     kernel32:KERNEL32.dll
 0002:00000008       __imp__PeekConsoleInputA@16 00428008     kernel32:KERNEL32.dll
 0002:0000000c       __imp__GetConsoleMode@8    0042800c     kernel32:KERNEL32.dll
 0002:00000010       __imp__SetConsoleMode@8    00428010     kernel32:KERNEL32.dll
 0002:00000014       __imp__ReadConsoleInputA@16 00428014     kernel32:KERNEL32.dll
 0002:00000018       __imp__DuplicateHandle@28  00428018     kernel32:KERNEL32.dll
 0002:0000001c       __imp__CompareStringW@24   0042801c     kernel32:KERNEL32.dll
 0002:00000020       __imp__CompareStringA@24   00428020     kernel32:KERNEL32.dll
 0002:00000024       __imp__FlushFileBuffers@4  00428024     kernel32:KERNEL32.dll
 0002:00000028       __imp__GetLocaleInfoA@16   00428028     kernel32:KERNEL32.dll
 0002:0000002c       __imp__GetOEMCP@0          0042802c     kernel32:KERNEL32.dll
 0002:00000030       __imp__GetACP@0            00428030     kernel32:KERNEL32.dll
 0002:00000034       __imp__GetCPInfo@8         00428034     kernel32:KERNEL32.dll
 0002:00000038       __imp__InterlockedExchange@8 00428038     kernel32:KERNEL32.dll
 0002:0000003c       __imp__GetCurrentProcessId@0 0042803c     kernel32:KERNEL32.dll
 0002:00000040       __imp__GetCurrentThreadId@0 00428040     kernel32:KERNEL32.dll
 0002:00000044       __imp__QueryPerformanceCounter@4 00428044     kernel32:KERNEL32.dll
 0002:00000048       __imp__GetStringTypeW@16   00428048     kernel32:KERNEL32.dll
 0002:0000004c       __imp__GetStringTypeA@20   0042804c     kernel32:KERNEL32.dll
 0002:00000050       __imp__SetConsoleCtrlHandler@8 00428050     kernel32:KERNEL32.dll
 0002:00000054       __imp__GetEnvironmentStringsW@0 00428054     kernel32:KERNEL32.dll
 0002:00000058       __imp__FreeEnvironmentStringsW@4 00428058     kernel32:KERNEL32.dll
 0002:0000005c       __imp__GetEnvironmentStrings@0 0042805c     kernel32:KERNEL32.dll
 0002:00000060       __imp__FreeEnvironmentStringsA@4 00428060     kernel32:KERNEL32.dll
 0002:00000064       __imp__UnhandledExceptionFilter@4 00428064     kernel32:KERNEL32.dll
 0002:00000068       __imp__LCMapStringW@24     00428068     kernel32:KERNEL32.dll
 0002:0000006c       __imp__LCMapStringA@24     0042806c     kernel32:KERNEL32.dll
 0002:00000070       __imp__MultiByteToWideChar@24 00428070     kernel32:KERNEL32.dll
 0002:00000074       __imp__VirtualQuery@12     00428074     kernel32:KERNEL32.dll
 0002:00000078       __imp__GetSystemInfo@4     00428078     kernel32:KERNEL32.dll
 0002:0000007c       __imp__VirtualProtect@16   0042807c     kernel32:KERNEL32.dll
 0002:00000080       __imp__OutputDebugStringA@4 00428080     kernel32:KERNEL32.dll
 0002:00000084       __imp__GetLastError@0      00428084     kernel32:KERNEL32.dll
 0002:00000088       __imp__SetFileAttributesA@8 00428088     kernel32:KERNEL32.dll
 0002:0000008c       __imp__FreeLibrary@4       0042808c     kernel32:KERNEL32.dll
 0002:00000090       __imp__GetProcAddress@8    00428090     kernel32:KERNEL32.dll
 0002:00000094       __imp__LoadLibraryA@4      00428094     kernel32:KERNEL32.dll
 0002:00000098       __imp__GetSystemDirectoryA@8 00428098     kernel32:KERNEL32.dll
 0002:0000009c       __imp__CreateSemaphoreA@16 0042809c     kernel32:KERNEL32.dll
 0002:000000a0       __imp__CloseHandle@4       004280a0     kernel32:KERNEL32.dll
 0002:000000a4       __imp__WaitForSingleObject@8 004280a4     kernel32:KERNEL32.dll
 0002:000000a8       __imp__ReleaseSemaphore@12 004280a8     kernel32:KERNEL32.dll
 0002:000000ac       __imp__CreateMutexA@12     004280ac     kernel32:KERNEL32.dll
 0002:000000b0       __imp__ReleaseMutex@4      004280b0     kernel32:KERNEL32.dll
 0002:000000b4       __imp__Sleep@4             004280b4     kernel32:KERNEL32.dll
 0002:000000b8       __imp__TlsAlloc@0          004280b8     kernel32:KERNEL32.dll
 0002:000000bc       __imp__TlsFree@4           004280bc     kernel32:KERNEL32.dll
 0002:000000c0       __imp__SetThreadPriority@8 004280c0     kernel32:KERNEL32.dll
 0002:000000c4       __imp__CreateThread@24     004280c4     kernel32:KERNEL32.dll
 0002:000000c8       __imp__TlsGetValue@4       004280c8     kernel32:KERNEL32.dll
 0002:000000cc       __imp__ExitThread@4        004280cc     kernel32:KERNEL32.dll
 0002:000000d0       __imp__TlsSetValue@8       004280d0     kernel32:KERNEL32.dll
 0002:000000d4       __imp__GetTickCount@0      004280d4     kernel32:KERNEL32.dll
 0002:000000d8       __imp__GetSystemTimeAsFileTime@4 004280d8     kernel32:KERNEL32.dll
 0002:000000dc       __imp__IsBadWritePtr@8     004280dc     kernel32:KERNEL32.dll
 0002:000000e0       __imp__IsBadReadPtr@8      004280e0     kernel32:KERNEL32.dll
 0002:000000e4       __imp__HeapValidate@12     004280e4     kernel32:KERNEL32.dll
 0002:000000e8       __imp__FindFirstFileA@8    004280e8     kernel32:KERNEL32.dll
 0002:000000ec       __imp__FindNextFileA@8     004280ec     kernel32:KERNEL32.dll
 0002:000000f0       __imp__FindClose@4         004280f0     kernel32:KERNEL32.dll
 0002:000000f4       __imp__FileTimeToSystemTime@8 004280f4     kernel32:KERNEL32.dll
 0002:000000f8       __imp__FileTimeToLocalFileTime@8 004280f8     kernel32:KERNEL32.dll
 0002:000000fc       __imp__DebugBreak@0        004280fc     kernel32:KERNEL32.dll
 0002:00000100       __imp__RaiseException@16   00428100     kernel32:KERNEL32.dll
 0002:00000104       __imp__GetVersionExA@4     00428104     kernel32:KERNEL32.dll
 0002:00000108       __imp__GetFileType@4       00428108     kernel32:KERNEL32.dll
 0002:0000010c       __imp__CreateFileA@28      0042810c     kernel32:KERNEL32.dll
 0002:00000110       __imp__ReadFile@20         00428110     kernel32:KERNEL32.dll
 0002:00000114       __imp__WriteConsoleA@20    00428114     kernel32:KERNEL32.dll
 0002:00000118       __imp__SetFilePointer@16   00428118     kernel32:KERNEL32.dll
 0002:0000011c       __imp__SetEndOfFile@4      0042811c     kernel32:KERNEL32.dll
 0002:00000120       __imp__MoveFileA@8         00428120     kernel32:KERNEL32.dll
 0002:00000124       __imp__DeleteFileA@4       00428124     kernel32:KERNEL32.dll
 0002:00000128       __imp__CreateDirectoryA@8  00428128     kernel32:KERNEL32.dll
 0002:0000012c       __imp__RemoveDirectoryA@4  0042812c     kernel32:KERNEL32.dll
 0002:00000130       __imp__SetEnvironmentVariableA@8 00428130     kernel32:KERNEL32.dll
 0002:00000134       __imp__GetCurrentDirectoryA@8 00428134     kernel32:KERNEL32.dll
 0002:00000138       __imp__SetCurrentDirectoryA@4 00428138     kernel32:KERNEL32.dll
 0002:0000013c       __imp__GetFullPathNameA@16 0042813c     kernel32:KERNEL32.dll
 0002:00000140       __imp__GetDriveTypeA@4     00428140     kernel32:KERNEL32.dll
 0002:00000144       __imp__GetDiskFreeSpaceA@20 00428144     kernel32:KERNEL32.dll
 0002:00000148       __imp__SetFileTime@16      00428148     kernel32:KERNEL32.dll
 0002:0000014c       __imp__LocalFileTimeToFileTime@8 0042814c     kernel32:KERNEL32.dll
 0002:00000150       __imp__SystemTimeToFileTime@8 00428150     kernel32:KERNEL32.dll
 0002:00000154       __imp__GetCommandLineA@0   00428154     kernel32:KERNEL32.dll
 0002:00000158       __imp__GetModuleHandleA@4  00428158     kernel32:KERNEL32.dll
 0002:0000015c       __imp__GetStdHandle@4      0042815c     kernel32:KERNEL32.dll
 0002:00000160       __imp__InterlockedDecrement@4 00428160     kernel32:KERNEL32.dll
 0002:00000164       __imp__InterlockedIncrement@4 00428164     kernel32:KERNEL32.dll
 0002:00000168       __imp__GetModuleFileNameA@12 00428168     kernel32:KERNEL32.dll
 0002:0000016c       __imp__WideCharToMultiByte@32 0042816c     kernel32:KERNEL32.dll
 0002:00000170       __imp__GetTimeZoneInformation@4 00428170     kernel32:KERNEL32.dll
 0002:00000174       __imp__HeapAlloc@12        00428174     kernel32:KERNEL32.dll
 0002:00000178       __imp__HeapReAlloc@16      00428178     kernel32:KERNEL32.dll
 0002:0000017c       __imp__HeapFree@12         0042817c     kernel32:KERNEL32.dll
 0002:00000180       __imp__HeapDestroy@4       00428180     kernel32:KERNEL32.dll
 0002:00000184       __imp__HeapCreate@12       00428184     kernel32:KERNEL32.dll
 0002:00000188       __imp__VirtualFree@12      00428188     kernel32:KERNEL32.dll
 0002:0000018c       __imp__TerminateProcess@8  0042818c     kernel32:KERNEL32.dll
 0002:00000190       __imp__GetCurrentProcess@0 00428190     kernel32:KERNEL32.dll
 0002:00000194       __imp__ExitProcess@4       00428194     kernel32:KERNEL32.dll
 0002:00000198       __imp__VirtualAlloc@16     00428198     kernel32:KERNEL32.dll
 0002:0000019c       __imp__GetProcessHeap@0    0042819c     kernel32:KERNEL32.dll
 0002:000001a0       __imp__RtlUnwind@16        004281a0     kernel32:KERNEL32.dll
 0002:000001a4       __imp__SetHandleCount@4    004281a4     kernel32:KERNEL32.dll
 0002:000001a8       __imp__GetStartupInfoA@4   004281a8     kernel32:KERNEL32.dll
 0002:000001ac       __imp__SetStdHandle@8      004281ac     kernel32:KERNEL32.dll
 0002:000001b0       \177KERNEL32_NULL_THUNK_DATA 004281b0     kernel32:KERNEL32.dll
 0002:000001b4       __imp__getservbyport@8     004281b4     ws2_32:WS2_32.dll
 0002:000001b8       __imp__gethostbyaddr@12    004281b8     ws2_32:WS2_32.dll
 0002:000001bc       __imp__gethostbyname@4     004281bc     ws2_32:WS2_32.dll
 0002:000001c0       __imp__inet_addr@4         004281c0     ws2_32:WS2_32.dll
 0002:000001c4       __imp__getservbyname@8     004281c4     ws2_32:WS2_32.dll
 0002:000001c8       __imp__inet_ntoa@4         004281c8     ws2_32:WS2_32.dll
 0002:000001cc       __imp__ntohl@4             004281cc     ws2_32:WS2_32.dll
 0002:000001d0       __imp__htonl@4             004281d0     ws2_32:WS2_32.dll
 0002:000001d4       __imp__setsockopt@20       004281d4     ws2_32:WS2_32.dll
 0002:000001d8       __imp__ioctlsocket@12      004281d8     ws2_32:WS2_32.dll
 0002:000001dc       __imp__shutdown@8          004281dc     ws2_32:WS2_32.dll
 0002:000001e0       __imp__closesocket@4       004281e0     ws2_32:WS2_32.dll
 0002:000001e4       __imp__recvfrom@24         004281e4     ws2_32:WS2_32.dll
 0002:000001e8       __imp__sendto@24           004281e8     ws2_32:WS2_32.dll
 0002:000001ec       __imp__send@16             004281ec     ws2_32:WS2_32.dll
 0002:000001f0       __imp__select@20           004281f0     ws2_32:WS2_32.dll
 0002:000001f4       __imp____WSAFDIsSet@8      004281f4     ws2_32:WS2_32.dll
 0002:000001f8       __imp__recv@16             004281f8     ws2_32:WS2_32.dll
 0002:000001fc       __imp__connect@12          004281fc     ws2_32:WS2_32.dll
 0002:00000200       __imp__accept@12           00428200     ws2_32:WS2_32.dll
 0002:00000204       __imp__getsockname@12      00428204     ws2_32:WS2_32.dll
 0002:00000208       __imp__getpeername@12      00428208     ws2_32:WS2_32.dll
 0002:0000020c       __imp__ntohs@4             0042820c     ws2_32:WS2_32.dll
 0002:00000210       __imp__listen@8            00428210     ws2_32:WS2_32.dll
 0002:00000214       __imp__htons@4             00428214     ws2_32:WS2_32.dll
 0002:00000218       __imp__bind@12             00428218     ws2_32:WS2_32.dll
 0002:0000021c       __imp__WSASetLastError@4   0042821c     ws2_32:WS2_32.dll
 0002:00000220       __imp__socket@12           00428220     ws2_32:WS2_32.dll
 0002:00000224       __imp__WSAGetLastError@0   00428224     ws2_32:WS2_32.dll
 0002:00000228       __imp__WSAStartup@8        00428228     ws2_32:WS2_32.dll
 0002:0000022c       __imp__WSACleanup@0        0042822c     ws2_32:WS2_32.dll
 0002:00000230       \177WS2_32_NULL_THUNK_DATA 00428230     ws2_32:WS2_32.dll
 0002:0000025c       ??_C@_0BL@JMFNEEEM@Returned?5from?5server?5demo?6?$AA@ 0042825c     serverdemo.obj
 0002:00000278       ??_C@_0BF@HLKOBPPP@Calling?5server?5demo?6?$AA@ 00428278     serverdemo.obj
 0002:00000290       ??_C@_0BL@LAIHDGDJ@Returned?5from?5client?5demo?6?$AA@ 00428290     serverdemo.obj
 0002:000002ac       ??_C@_0BF@FHHEGNIK@Calling?5client?5demo?6?$AA@ 004282ac     serverdemo.obj
 0002:000002c4       ??_C@_0M@IPIEALG@SERVER?5DEMO?$AA@ 004282c4     serverdemo.obj
 0002:000002d0       ??_C@_0M@LBELOAI@CLIENT?5DEMO?$AA@ 004282d0     serverdemo.obj
 0002:000002dc       ??_C@_0O@KPNBKMFP@EBS?5HTTP?5Demo?$AA@ 004282dc     serverdemo.obj
 0002:000002ec       ??_C@_0O@EPCIGJNP@Select?5Option?$AA@ 004282ec     serverdemo.obj
 0002:000002fc       ??_C@_08DKECCBIM@Option?5?$DO?$AA@ 004282fc     serverdemo.obj
 0002:00000308       ??_C@_02DPKJAMEF@?$CFd?$AA@ 00428308     rtpdebug.obj
 0002:000003a0       ??_C@_03LMPCJCAN@PDT?$AA@  004283a0     rtpdutil.obj
 0002:000003a4       ??_C@_03KFJLCHPI@PST?$AA@  004283a4     rtpdutil.obj
 0002:000003a8       ??_C@_03BOIBBNEP@MDT?$AA@  004283a8     rtpdutil.obj
 0002:000003ac       ??_C@_03HOIKILK@MST?$AA@   004283ac     rtpdutil.obj
 0002:000003b0       ??_C@_03POFOGKHM@CDT?$AA@  004283b0     rtpdutil.obj
 0002:000003b4       ??_C@_03OHDHNPIJ@CST?$AA@  004283b4     rtpdutil.obj
 0002:000003b8       ??_C@_03NLDFDFKA@EDT?$AA@  004283b8     rtpdutil.obj
 0002:000003bc       ??_C@_03MCFMIAFF@EST?$AA@  004283bc     rtpdutil.obj
 0002:000003c0       ??_C@_02LEBOFCOG@UT?$AA@   004283c0     rtpdutil.obj
 0002:000003c4       ??_C@_03HOONMGKE@GMT?$AA@  004283c4     rtpdutil.obj
 0002:000003c8       ??_C@_03MKABNOCG@Dec?$AA@  004283c8     rtpdutil.obj
 0002:000003cc       ??_C@_03JPJOFNIA@Nov?$AA@  004283cc     rtpdutil.obj
 0002:000003d0       ??_C@_03BMAOKBAD@Oct?$AA@  004283d0     rtpdutil.obj
 0002:000003d4       ??_C@_03GGCAPAJC@Sep?$AA@  004283d4     rtpdutil.obj
 0002:000003d8       ??_C@_03IFJFEIGA@Aug?$AA@  004283d8     rtpdutil.obj
 0002:000003dc       ??_C@_03LBGABGKK@Jul?$AA@  004283dc     rtpdutil.obj
 0002:000003e0       ??_C@_03IDFGHECI@Jun?$AA@  004283e0     rtpdutil.obj
 0002:000003e4       ??_C@_03CNMDKL@May?$AA@    004283e4     rtpdutil.obj
 0002:000003e8       ??_C@_03LEOLGMJP@Apr?$AA@  004283e8     rtpdutil.obj
 0002:000003ec       ??_C@_03ODNJBKGA@Mar?$AA@  004283ec     rtpdutil.obj
 0002:000003f0       ??_C@_03HJBDCHOM@Feb?$AA@  004283f0     rtpdutil.obj
 0002:000003f4       ??_C@_03JIHJHPIE@Jan?$AA@  004283f4     rtpdutil.obj
 0002:000003f8       ??_C@_03FEFJNEK@Sat?$AA@   004283f8     rtpdutil.obj
 0002:000003fc       ??_C@_03IDIOELNC@Fri?$AA@  004283fc     rtpdutil.obj
 0002:00000400       ??_C@_03IOFIKPDN@Thu?$AA@  00428400     rtpdutil.obj
 0002:00000404       ??_C@_03MHOMLAJA@Wed?$AA@  00428404     rtpdutil.obj
 0002:00000408       ??_C@_03NAGEINEP@Tue?$AA@  00428408     rtpdutil.obj
 0002:0000040c       ??_C@_03PDAGKDH@Mon?$AA@   0042840c     rtpdutil.obj
 0002:00000410       ??_C@_03KOEHGMDN@Sun?$AA@  00428410     rtpdutil.obj
 0002:00000414       ??_C@_08INBOOONO@Saturday?$AA@ 00428414     rtpdutil.obj
 0002:00000420       ??_C@_06JECMNKMI@Friday?$AA@ 00428420     rtpdutil.obj
 0002:00000428       ??_C@_08HACCIKIA@Thursday?$AA@ 00428428     rtpdutil.obj
 0002:00000434       ??_C@_09DLIGFAKA@Wednesday?$AA@ 00428434     rtpdutil.obj
 0002:00000440       ??_C@_07BAAGCFCM@Tuesday?$AA@ 00428440     rtpdutil.obj
 0002:00000448       ??_C@_06JLEDEDGH@Monday?$AA@ 00428448     rtpdutil.obj
 0002:00000450       ??_C@_06OOPIFAJ@Sunday?$AA@ 00428450     rtpdutil.obj
 0002:00000458       ??_C@_02KNHHEEKP@?5?5?$AA@ 00428458     rtpdutil.obj
 0002:0000045c       ??_C@_04FIEKMBKB@?5GMT?$AA@ 0042845c     rtpdutil.obj
 0002:00000464       ??_C@_01JLIPDDHJ@?3?$AA@   00428464     rtpdutil.obj
 0002:00000468       ??_C@_01CLKCMJKC@?5?$AA@   00428468     rtpdutil.obj
 0002:0000046c       ??_C@_01JOAMLHOP@?9?$AA@   0042846c     rtpdutil.obj
 0002:00000470       ??_C@_02KEGNLNML@?0?5?$AA@ 00428470     rtpdutil.obj
 0002:00000474       ??_C@_01EEMJAFIK@?6?$AA@   00428474     rtpgui.obj
 0002:00000478       ??_C@_0P@CDHJJMJF@Press?5Return?4?4?$AA@ 00428478     rtpgui.obj
 0002:00000488       ??_C@_07EDGOICEI@?$CFs?5?$CFs?5?6?$AA@ 00428488     rtpgui.obj
 0002:00000490       ??_C@_07HMODPDEL@?$CF?460s?5?6?$AA@ 00428490     rtpgui.obj
 0002:00000498       ??_C@_05JCJEDDGE@?$CF?460s?$AA@ 00428498     rtpgui.obj
 0002:000004a0       ??_C@_03IKGEINEE@?$CFs?5?$AA@ 004284a0     rtpgui.obj
 0002:000004a4       ??_C@_07JKMNJGKL@?$CFc?$CI?$CF3d?$CJ?$AA@ 004284a4     rtpgui.obj
 0002:000004ac       ??_C@_07FKIDPNJC@?$CFc?5?5?5?5?5?$AA@ 004284ac     rtpgui.obj
 0002:000004b4       ??_C@_03OFAPEBGM@?$CFs?6?$AA@ 004284b4     rtpgui.obj
 0002:000004b8       ??_C@_06IINFAHFO@?$CFs?5?$CFs?6?$AA@ 004284b8     rtpgui.obj
 0002:000004c0       ??_C@_07JMCILELL@?$CFs?5?$CFs?5?3?$AA@ 004284c0     rtpgui.obj
 0002:000004c8       ??_C@_0CN@NJAJNEFH@Logging?5disabled?5could?5not?5open?5@ 004284c8     rtplog.obj
 0002:000004f8       ??_C@_0CE@LLHFICNH@Logging?5enabled?5logging?5to?5file?3@ 004284f8     rtplog.obj
 0002:0000051c       ??_C@_0M@CGIKLNJM@logfile?4txt?$AA@ 0042851c     rtplog.obj
 0002:00000528       ??_C@_0DH@GGMBNBEG@?$AN?6?5?$DN?$DN?$DM?$DN?$DN?$DN?$DN?$DN?$DN?$DN?$DN?$DN?$DN?$DN?$DN?$DN?$DN?$DN?$DN?$DN?$DN?$DN?$DN?$DN?$DN?$DN?$DN?$DN?$DN@ 00428528     rtplog.obj
 0002:00000560       ??_C@_0CA@KLNKCFDB@?$AN?6?5?$DN?$DN?$DM?$CFs?5?$CIt?$DN?$CF8d?$CJ?5?$CIc?$DN?$CF4d?$CJ?5?$DO?$DN?$DN?5?$AN?6?$AA@ 00428560     rtplog.obj
 0002:00000580       ??_C@_00CNPNBAHC@?$AA@     00428580     rtpnet.obj
 0002:00000584       ??_C@_01LFCBOECM@?4?$AA@   00428584     rtpnet.obj
 0002:00000588       ?iNumGlobal@?1??WspiapiLoad@@9@9 00428588     rtpnet.obj
 0002:0000058c       ??_C@_07OKMCKPF@?2wship6?$AA@ 0042858c     rtpnet.obj
 0002:00000594       ??_C@_07LPPPKMHP@?2ws2_32?$AA@ 00428594     rtpnet.obj
 0002:0000059c       ??_C@_0N@EHOPPMLH@freeaddrinfo?$AA@ 0042859c     rtpnet.obj
 0002:000005ac       ??_C@_0M@NNJNLPKG@getnameinfo?$AA@ 004285ac     rtpnet.obj
 0002:000005b8       ??_C@_0M@MBIPAJOD@getaddrinfo?$AA@ 004285b8     rtpnet.obj
 0002:000005c4       ??_C@_03FPEIBLKH@tcp?$AA@  004285c4     rtpnet.obj
 0002:000005c8       ??_C@_03OCLLGKEH@udp?$AA@  004285c8     rtpnet.obj
 0002:000005cc       ??_C@_02GMHACPFF@?$CFu?$AA@ 004285cc     rtpnet.obj
 0002:000005d0       ??_C@_05LGDGBMPG@65535?$AA@ 004285d0     rtpnet.obj
 0002:000005d8       ??_C@_03OLJLMEOE@?$AI?5?$AI?$AA@ 004285d8     rtpterm.obj
 0002:000005e0       _threadPriorityMap         004285e0     rtpthrd.obj
 0002:00000660       _stackSizeMap              00428660     rtpthrd.obj
 0002:00000674       ??_C@_03LPPLCEDO@ZIP?$AA@  00428674     fileext.obj
 0002:00000678       ??_C@_01POHCFINO@Z?$AA@    00428678     fileext.obj
 0002:0000067c       ??_C@_03PEIMBJDE@XML?$AA@  0042867c     fileext.obj
 0002:00000680       ??_C@_03CNOELFJK@XWD?$AA@  00428680     fileext.obj
 0002:00000684       ??_C@_03PJGJBIFG@XPM?$AA@  00428684     fileext.obj
 0002:00000688       ??_C@_03NOHCFNA@XOF?$AA@   00428688     fileext.obj
 0002:0000068c       ??_C@_03OGMLGPEI@XBM?$AA@  0042868c     fileext.obj
 0002:00000690       ??_C@_03HHJAINK@XAF?$AA@   00428690     fileext.obj
 0002:00000694       ??_C@_03KHANFIPI@WRZ?$AA@  00428694     fileext.obj
 0002:00000698       ??_C@_03LLJFONCP@WRL?$AA@  00428698     fileext.obj
[...]
 0002:00004298       ??_C@_0LB@BPLHHLFD@A?5security?5error?5of?5unknown?5caus@ 0042c298     LIBCD:secfail.obj
 0002:0000434c       ??_C@_0CD@GMKACBEK@Unknown?5security?5failure?5detecte@ 0042c34c     LIBCD:secfail.obj
 0002:0000437c       ??_C@_0L@KBNGFDKM@convrtcp?4c?$AA@ 0042c37c     LIBCD:convrtcp.obj
 0002:00004394       ??_C@_08BDNGOBJJ@fclose?4c?$AA@ 0042c394     LIBCD:fclose.obj
 0002:000043a0       ??_C@_0L@CELCHBFJ@wtombenv?4c?$AA@ 0042c3a0     LIBCD:wtombenv.obj
 0002:000043ac       ??_C@_0L@CKFHAPLH@_freebuf?4c?$AA@ 0042c3ac     LIBCD:_freebuf.obj
 0002:000043b8       ??_C@_0P@FELNCIKG@stream?5?$CB?$DN?5NULL?$AA@ 0042c3b8     LIBCD:_freebuf.obj
 0002:000043c8       ??_C@_07KLPPCEPH@a_cmp?4c?$AA@ 0042c3c8     LIBCD:a_cmp.obj
 0002:000043d0       ??_C@_0DN@NFIMOOFE@cchCount1?$DN?$DN0?5?$CG?$CG?5cchCount2?$DN?$DN1?5?$HM?$HM?5@ 0042c3d0     LIBCD:a_cmp.obj
 0002:00004428       ??_C@_08BMJILFKN@setenv?4c?$AA@ 0042c428     LIBCD:setenv.obj
 0002:00004434       ??_C@_05MAJJAKPI@FALSE?$AA@ 0042c434     LIBCD:setenv.obj
 0002:00004780       ??_C@_07FFMNCEFO@getch?4c?$AA@ 0042c780     LIBCD:getch.obj
 0002:00004794       ??_C@_06GDENEHCP@CONIN$?$AA@ 0042c794     LIBCD:initcon.obj
 0002:0000479c       ??_C@_07GPDNMNG@CONOUT$?$AA@ 0042c79c     LIBCD:initcon.obj
 0002:0000481c       ___rtc_iaa                 0042c81c     LIBCD:initsect.obj
 0002:00004898       ___rtc_izz                 0042c898     LIBCD:initsect.obj
 0002:0000489c       ___rtc_taa                 0042c89c     LIBCD:initsect.obj
 0002:00004918       ___rtc_tzz                 0042c918     LIBCD:initsect.obj
 0002:0000491c       __IMPORT_DESCRIPTOR_WS2_32 0042c91c     ws2_32:WS2_32.dll
 0002:00004930       __IMPORT_DESCRIPTOR_KERNEL32 0042c930     kernel32:KERNEL32.dll
 0002:00004944       __NULL_IMPORT_DESCRIPTOR   0042c944     ws2_32:WS2_32.dll
 0003:00000000       ___xc_a                    0042e000     LIBCD:crt0init.obj
 0003:00000008       ___xc_z                    0042e008     LIBCD:crt0init.obj
 0003:0000000c       ___xi_a                    0042e00c     LIBCD:crt0init.obj
 0003:0000001c       ___xi_z                    0042e01c     LIBCD:crt0init.obj
 0003:00000020       ___xp_a                    0042e020     LIBCD:crt0init.obj
 0003:0000002c       ___xp_z                    0042e02c     LIBCD:crt0init.obj
 0003:00000030       ___xt_a                    0042e030     LIBCD:crt0init.obj
 0003:00000034       ___xt_z                    0042e034     LIBCD:crt0init.obj
 0003:000000b0       ?rgtGlobal@?1??WspiapiLoad@@9@9 0042e0b0     rtpnet.obj
 0003:000000d0       _gpFileExtensionTable      0042e0d0     fileext.obj
 0003:00000408       _gpFileContentTypeNames    0042e408     filetype.obj
 0003:000004e8       _gpHTTPHeaderTypeName      0042e4e8     httpp.obj
 0003:000005e0       _gpHTTPMethodTypeName      0042e5e0     httpp.obj
 0003:00000614       _gpHTTPAuthSchemeName      0042e614     httpsrv.obj
 0003:0000061c       _read_buffer_size          0042e61c     example_client.obj
 0003:00000620       _posttoebsupnpinfo         0042e620     example_client.obj
 0003:00000624       _posttoebsupnurl           0042e624     example_client.obj
 0003:00000698       __timezone                 0042e698     LIBCD:timeset.obj
 0003:0000069c       __daylight                 0042e69c     LIBCD:timeset.obj
 0003:000006a0       __dstbias                  0042e6a0     LIBCD:timeset.obj
 0003:00000728       __tzname                   0042e728     LIBCD:timeset.obj
 0003:00000730       __crtDbgFlag               0042e730     LIBCD:dbgheap.obj
 0003:00000738       __crtBreakAlloc            0042e738     LIBCD:dbgheap.obj
 0003:00000760       ?_RTC_ErrorLevels@@3PAHA   0042e760     LIBCD:error.obj
 0003:00000790       __aexit_rtn                0042e790     LIBCD:crt0.obj
 0003:00000794       ___app_type                0042e794     LIBCD:crt0.obj
 0003:00000798       ___nullstring              0042e798     LIBCD:output.obj
 0003:0000079c       ___wnullstring             0042e79c     LIBCD:output.obj
 0003:000007a0       __iob                      0042e7a0     LIBCD:_file.obj
 0003:00000a20       __crtAssertBusy            0042ea20     LIBCD:dbgrpt.obj
 0003:00000a24       __CrtDbgMode               0042ea24     LIBCD:dbgrpt.obj
 0003:00000a30       __CrtDbgFile               0042ea30     LIBCD:dbgrpt.obj
 0003:00000a70       __pfnAllocHook             0042ea70     LIBCD:dbghook.obj
 0003:00000a74       __amblksiz                 0042ea74     LIBCD:heapinit.obj
 0003:00000a78       ___mb_cur_max              0042ea78     LIBCD:nlsdata1.obj
 0003:00000a7c       ___decimal_point           0042ea7c     LIBCD:nlsdata1.obj
 0003:00000a80       ___decimal_point_length    0042ea80     LIBCD:nlsdata1.obj
 0003:00000a84       ___security_cookie         0042ea84     LIBCD:seccook.obj
 0003:00000a8c       __NLG_Destination          0042ea8c     LIBCD:exsup.obj
 0003:00000a9c       ___badioinfo               0042ea9c     LIBCD:ioinit.obj
 0003:00000c10       ___lc_clike                0042ec10     LIBCD:nlsdata2.obj
 0003:00000c14       __pctype                   0042ec14     LIBCD:ctype.obj
 0003:00000c18       __pwctype                  0042ec18     LIBCD:ctype.obj
 0003:00000c1c       __lpdays                   0042ec1c     LIBCD:days.obj
 0003:00000c50       __days                     0042ec50     LIBCD:days.obj
 0003:00000c90       __XcptActTab               0042ec90     LIBCD:winxfltr.obj
 0003:00000d08       __First_FPE_Indx           0042ed08     LIBCD:winxfltr.obj
 0003:00000d0c       __Num_FPE                  0042ed0c     LIBCD:winxfltr.obj
 0003:00000d10       __XcptActTabCount          0042ed10     LIBCD:winxfltr.obj
 0003:00000d14       __fpecode                  0042ed14     LIBCD:winxfltr.obj
 0003:00000db0       __cfltcvt_tab              0042edb0     LIBCD:cmiscdat.obj
 0003:00000ed0       __coninpfh                 0042eed0     LIBCD:initcon.obj
 0003:00000ed4       __confh                    0042eed4     LIBCD:initcon.obj
 0003:00000eec       _rtpnetOpenSockets         0042eeec     rtpnet.obj
 0003:00000ef0       _rtpnetInitialized         0042eef0     rtpnet.obj
 0003:00000ef4       ?pfGetAddrInfo@?1??WspiapiGetAddrInfo@@9@9 0042eef4     rtpnet.obj
 0003:00000ef8       ?bInitialized@?1??WspiapiLoad@@9@9 0042eef8     rtpnet.obj
 0003:00000efc       ?pfGetNameInfo@?1??WspiapiGetNameInfo@@9@9 0042eefc     rtpnet.obj
 0003:00000f00       ?pfFreeAddrInfo@?1??WspiapiFreeAddrInfo@@9@9 0042ef00     rtpnet.obj
 0003:00000f48       __aenvptr                  0042ef48     LIBCD:crt0.obj
 0003:00000f4c       __wenvptr                  0042ef4c     LIBCD:crt0.obj
 0003:00000f50       ___error_mode              0042ef50     LIBCD:crt0.obj
 0003:00000f54       __stdbuf                   0042ef54     LIBCD:_sftbuf.obj
 0003:00000f5c       __cflush                   0042ef5c     LIBCD:_file.obj
 0003:00001044       __newmode                  0042f044     LIBCD:_newmode.obj
 0003:00001048       ?_pnhHeap@@3P6AHI@ZA       0042f048     LIBCD:handler.obj
 0003:0000104c       _errno                     0042f04c     LIBCD:crt0dat.obj
 0003:00001050       __doserrno                 0042f050     LIBCD:crt0dat.obj
 0003:00001054       __umaskval                 0042f054     LIBCD:crt0dat.obj
 0003:00001058       __osplatform               0042f058     LIBCD:crt0dat.obj
 0003:0000105c       __osver                    0042f05c     LIBCD:crt0dat.obj
 0003:00001060       __winver                   0042f060     LIBCD:crt0dat.obj
 0003:00001064       __winmajor                 0042f064     LIBCD:crt0dat.obj
 0003:00001068       __winminor                 0042f068     LIBCD:crt0dat.obj
 0003:0000106c       ___argc                    0042f06c     LIBCD:crt0dat.obj
 0003:00001070       ___argv                    0042f070     LIBCD:crt0dat.obj
 0003:00001074       ___wargv                   0042f074     LIBCD:crt0dat.obj
 0003:00001078       __environ                  0042f078     LIBCD:crt0dat.obj
 0003:0000107c       ___initenv                 0042f07c     LIBCD:crt0dat.obj
 0003:00001080       __wenviron                 0042f080     LIBCD:crt0dat.obj
 0003:00001084       ___winitenv                0042f084     LIBCD:crt0dat.obj
 0003:00001088       __pgmptr                   0042f088     LIBCD:crt0dat.obj
 0003:0000108c       __wpgmptr                  0042f08c     LIBCD:crt0dat.obj
 0003:00001090       __exitflag                 0042f090     LIBCD:crt0dat.obj
 0003:00001094       __C_Termination_Done       0042f094     LIBCD:crt0dat.obj
 0003:00001098       __C_Exit_Done              0042f098     LIBCD:crt0dat.obj
 0003:000010f0       __fmode                    0042f0f0     LIBCD:txtmode.obj
 0003:000010f8       ___lc_handle               0042f0f8     LIBCD:nlsdata2.obj
 0003:00001110       ___lc_codepage             0042f110     LIBCD:nlsdata2.obj
 0003:00001114       ___lc_collate_cp           0042f114     LIBCD:nlsdata2.obj
 0003:00001118       __pxcptinfoptrs            0042f118     LIBCD:winxfltr.obj
 0003:0000122c       __adbgmsg                  0042f22c     LIBCD:crt0msg.obj
 0003:000012c0       _pVirtualContent           0042f2c0     <common>
 0003:000012e0       _ExampleServerCtx          0042f2e0     <common>
 0003:00001ac0       _read_buffer               0042fac0     <common>
 0003:00002ac0       ___mblcid                  00430ac0     <common>
 0003:00002ac4       ___ismbcodepage            00430ac4     <common>
 0003:00002ae0       __mbctype                  00430ae0     <common>
 0003:00002be4       ___mbcodepage              00430be4     <common>
 0003:00002bf0       ___mbulinfo                00430bf0     <common>
 0003:00002c00       __mbcasemap                00430c00     <common>
 0003:00002d00       __nhandle                  00430d00     <common>
 0003:00002d20       ___pioinfo                 00430d20     <common>
 0003:00002e20       ___sbh_initialized         00430e20     <common>
 0003:00002e24       ___sbh_pHeaderDefer        00430e24     <common>
 0003:00002e28       ___sbh_cntHeaderList       00430e28     <common>
 0003:00002e2c       ___sbh_pHeaderList         00430e2c     <common>
 0003:00002e30       ___sbh_threshold           00430e30     <common>
 0003:00002e34       ___sbh_pHeaderScan         00430e34     <common>
 0003:00002e38       ___sbh_sizeHeaderList      00430e38     <common>
 0003:00002e3c       ___sbh_indGroupDefer       00430e3c     <common>
 0003:00002e40       ___env_initialized         00430e40     <common>
 0003:00002e44       ___onexitend               00430e44     <common>
 0003:00002e48       ___onexitbegin             00430e48     <common>
 0003:00002e4c       ___mbctype_initialized     00430e4c     <common>
 0003:00002e50       __FPinit                   00430e50     <common>
 0003:00002e54       __crtheap                  00430e54     <common>
 0003:00002e58       ___active_heap             00430e58     <common>
 0003:00002e5c       __pfnReportHook            00430e5c     <common>
 0003:00002e60       __pReportHookList          00430e60     <common>
 0003:00002e64       ___piob                    00430e64     <common>
 0003:00002e80       __bufin                    00430e80     <common>
 0003:00003e80       __nstream                  00431e80     <common>
 0003:00003e84       __acmdln                   00431e84     <common>
 0003:00003e88       __pfnDumpClient            00431e88     <common>

 entry point at        0001:00019fd0

 Static symbols

 0001:00000ac0       __rtp_windate_to_date      00401ac0 f   rtpdobj.obj
 0001:000021e0       __is_leap_year             004031e0 f   rtpdutil.obj
 0001:00002250       __getint                   00403250 f   rtpdutil.obj
 0001:00002320       __putint                   00403320 f   rtpdutil.obj
 0001:000023a0       __putstr                   004033a0 f   rtpdutil.obj
 0001:000023f0       __isDigit                  004033f0 f   rtpdutil.obj
 0001:00002c70       __rtp_date_to_windate      00403c70 f   rtpfile.obj
 0001:00002d90       __rtp_flag_to_operation    00403d90 f   rtpfile.obj
 0001:00002e70       __rtp_mode_to_permission   00403e70 f   rtpfile.obj
 0001:00002ef0       __rtp_flag_was_created     00403ef0 f   rtpfile.obj
 0001:00003290       __rtp_gui_list_item_struct 00404290 f   rtpgui.obj
 0001:000034c0       __rtp_gui_list_item_by_index 004044c0 f   rtpgui.obj
 0001:00003560       _rtp_gui_list_display      00404560 f   rtpgui.obj
 0001:000037b0       __rtp_gui_prompt_int       004047b0 f   rtpgui.obj
 0001:00003d40       __rtp_helper_thread        00404d40 f   rtphelper.obj
 0001:0000b830       __HTTP_WriteHeader         0040c830 f   httpp.obj
 0001:0000b8c0       __HTTP_WriteHeaderValue    0040c8c0 f   httpp.obj
 0001:0000ba00       __HTTP_ReadChunkHeader     0040ca00 f   httpp.obj
 0001:0000baa0       __HTTP_ReadChunkTrailer    0040caa0 f   httpp.obj
 0001:0000bb10       __HTTP_ReadBuffered        0040cb10 f   httpp.obj
 0001:0000bc30       __HTTP_ReadLine            0040cc30 f   httpp.obj
 0001:0000bdb0       __HTTP_HeaderNameToType    0040cdb0 f   httpp.obj
 0001:0000be00       __HTTP_MethodNameToType    0040ce00 f   httpp.obj
 0001:0000be50       __HTTP_BSearchString       0040ce50 f   httpp.obj
 0001:0000bef0       __HTTP_ProcessHeader       0040cef0 f   httpp.obj
 0001:0000bf90       __HTTP_ParseHttpVersion    0040cf90 f   httpp.obj
 0001:0000c120       __HTTP_WriteBuffered       0040d120 f   httpp.obj
 0001:0000c570       __HTTP_WriteStrBuffered    0040d570 f   httpp.obj
 0001:0000c5c0       __HTTP_WriteStrLenBuffered 0040d5c0 f   httpp.obj
 0001:0000c610       __HTTP_WriteIntBuffered    0040d610 f   httpp.obj
 0001:0000e8b0       __HTTP_ServerCollapsePath  0040f8b0 f   httpsrv.obj
 0001:0000ea60       __HTTP_AllocServerAuthRealm 0040fa60 f   httpsrv.obj
 0001:0000eaa0       __HTTP_FreeServerAuthRealm 0040faa0 f   httpsrv.obj
 0001:0000eae0       __HTTP_AllocServerPath     0040fae0 f   httpsrv.obj
 0001:0000eb20       __HTTP_FreeServerPath      0040fb20 f   httpsrv.obj
 0001:0000eb60       __HTTP_AllocVirtualFileInfo 0040fb60 f   httpsrv.obj
 0001:0000eba0       __HTTP_FreeVirtualFileInfo 0040fba0 f   httpsrv.obj
 0001:0000ef90       _http_client_init          0040ff90 f   example_client.obj
 0001:0000f010       _prompt_for_command        00410010 f   example_client.obj
 0001:0000f110       _http_client_get           00410110 f   example_client.obj
 0001:0000f420       _http_client_post          00410420 f   example_client.obj
 0001:0000f750       _http_client_put           00410750 f   example_client.obj
 0001:0000fc20       _http_server_demo_restart  00410c20 f   example_server.obj
 0001:00010090       __Demo_IndexFileProcessHeader 00411090 f   example_server.obj
 0001:000100c0       _http_demo_count_vcontent_bytes 004110c0 f   example_server.obj
 0001:00010130       _http_demo_write_vcontent_bytes 00411130 f   example_server.obj
 0001:000101b0       _http_demo_release_vcontent 004111b0 f   example_server.obj
 0001:00010320       _http_server_create_virtual_index 00411320 f   example_server_advanced.obj
 0001:000103d0       _http_server_create_virtual_form 004113d0 f   example_server_advanced.obj
 0001:00010470       _demo_form_cb              00411470 f   example_server_advanced.obj
 0001:00010a20       __demo_form_ProcessHeader  00411a20 f   example_server_advanced.obj
 0001:00010b30       _http_demo_generate_vcontent 00411b30 f   example_server_advanced.obj
 0001:00010bc0       _http_demo_generate_configform 00411bc0 f   example_server_advanced.obj
 0001:00014830       _realloc_help              00415830 f   LIBCD:dbgheap.obj
 0001:000153d0       _CheckBytes                004163d0 f   LIBCD:dbgheap.obj
 0001:00015f10       __printMemBlockData        00416f10 f   LIBCD:dbgheap.obj
 0001:00017010       ?failwithmessage@@YAXPAXHHPBD@Z 00418010 f   LIBCD:error.obj
 0001:00017100       ?DebuggerProbe@@YAHK@Z     00418100 f   LIBCD:error.obj
 0001:00017180       ?DebuggerRuntime@@YAHKHPAXPB_W@Z 00418180 f   LIBCD:error.obj
 0001:00017410       ?IntToString@@YAPADH@Z     00418410 f   LIBCD:error.obj
 0001:00017600       ?_IsDebuggerPresent@@YAHXZ 00418600 f   LIBCD:error.obj
 0001:00017630       ?Initialize@@YAHXZ         00418630 f   LIBCD:error.obj
 0001:000176b0       ?Win95IsDebuggerPresent@@YGHXZ 004186b0 f   LIBCD:error.obj
 0001:000176c0       ?WinGetDebugContext@@YAPAXXZ 004186c0 f   LIBCD:error.obj
 0001:000176d0       ?GetCurrentTib@@YAPAU_TIB@@XZ 004186d0 f   LIBCD:error.obj
 0001:00019190       __make_time_t              0041a190 f   LIBCD:mktime.obj
 0001:00019890       _strtoxl                   0041a890 f   LIBCD:strtol.obj
 0001:00019b80       _$$$00001                  0041ab80 f   LIBCD:strchr.obj
 0001:0001a1f0       _fast_error_exit           0041b1f0 f   LIBCD:crt0.obj
 0001:0001a220       _check_managed_app         0041b220 f   LIBCD:crt0.obj
 0001:0001b2b0       _write_char                0041c2b0 f   LIBCD:output.obj
 0001:0001b350       _write_multi_char          0041c350 f   LIBCD:output.obj
 0001:0001b390       _write_string              0041c390 f   LIBCD:output.obj
 0001:0001b400       _get_int_arg               0041c400 f   LIBCD:output.obj
 0001:0001b420       _get_int64_arg             0041c420 f   LIBCD:output.obj
 0001:0001b440       _get_short_arg             0041c440 f   LIBCD:output.obj
 0001:0001bca0       _CrtMessageWindow          0041cca0 f   LIBCD:dbgrpt.obj
 0001:0001c720       _cvtdate                   0041d720 f   LIBCD:tzset.obj
 0001:0001d620       _doexit                    0041e620 f   LIBCD:crt0dat.obj
 0001:0001d750       __initterm                 0041e750 f   LIBCD:crt0dat.obj
 0001:0001d780       __initterm_e               0041e780 f   LIBCD:crt0dat.obj
 0001:0001f480       _report_failure            00420480 f   LIBCD:secchk.obj
 0001:0001f9f0       ?GetImageInfo@@YAPAUImageInfo@@K@Z 004209f0 f   LIBCD:pdblkup.obj
 0001:0001fdb0       ?GetPdbDll@@YAPAUHINSTANCE__@@XZ 00420db0 f   LIBCD:pdblkup.obj
 0001:0001fef0       $$$00001                   00420ef0 f   LIBCD:exsup.obj
 0001:0001ff10       __unwind_handler           00420f10 f   LIBCD:exsup.obj
 0001:0001ff10       $$$00003                   00420f10 f   LIBCD:exsup.obj
 0001:0001ff32       $$$00005                   00420f32 f   LIBCD:exsup.obj
 0001:0001ff9a       $$$00007                   00420f9a f   LIBCD:exsup.obj
 0001:0001ffde       $$$00011                   00420fde f   LIBCD:exsup.obj
 0001:000200e9       $$$00003                   004210e9 f   LIBCD:exsup3.obj
 0001:00021290       _strncnt                   00422290 f   LIBCD:a_map.obj
 0001:000215f0       _xcptlookup                004225f0 f   LIBCD:winxfltr.obj
 0001:000218c0       _parse_cmdline             004228c0 f   LIBCD:stdargv.obj
 0001:00022360       _flsall                    00423360 f   LIBCD:fflush.obj
 0001:00022660       _xtoa                      00423660 f   LIBCD:xtoa.obj
 0001:000227e0       _x64toa@20                 004237e0 f   LIBCD:xtoa.obj
 0001:00022b70       _ctrlevent_capture@4       00423b70 f   LIBCD:winsig.obj
 0001:00022d90       _siglookup                 00423d90 f   LIBCD:winsig.obj
 0001:00023f20       _getSystemCP               00424f20 f   LIBCD:mbctype.obj
 0001:00023f80       _CPtoLCID                  00424f80 f   LIBCD:mbctype.obj
 0001:00024000       _setSBCS                   00425000 f   LIBCD:mbctype.obj
 0001:00024080       _setSBUpLow                00425080 f   LIBCD:mbctype.obj
 0001:00024fa0       _strncnt                   00425fa0 f   LIBCD:a_cmp.obj
 0001:00025370       _findenv                   00426370 f   LIBCD:setenv.obj
 0001:000253f0       _copy_environ              004263f0 f   LIBCD:setenv.obj
